Component: Arm Compiler for Embedded 6.22 Tool: armlink [5ee90200]

==============================================================================

Section Cross References

    startup_stm32f407xx.o(STACK) refers (Special) to heapauxi.o(.text) for __use_two_region_memory
    startup_stm32f407xx.o(HEAP) refers (Special) to heapauxi.o(.text) for __use_two_region_memory
    startup_stm32f407xx.o(RESET) refers (Special) to heapauxi.o(.text) for __use_two_region_memory
    startup_stm32f407xx.o(RESET) refers to startup_stm32f407xx.o(STACK) for __initial_sp
    startup_stm32f407xx.o(RESET) refers to startup_stm32f407xx.o(.text) for Reset_Handler
    startup_stm32f407xx.o(RESET) refers to stm32f4xx_it.o(.text.NMI_Handler) for NMI_Handler
    startup_stm32f407xx.o(RESET) refers to stm32f4xx_it.o(.text.HardFault_Handler) for HardFault_Handler
    startup_stm32f407xx.o(RESET) refers to stm32f4xx_it.o(.text.MemManage_Handler) for MemManage_Handler
    startup_stm32f407xx.o(RESET) refers to stm32f4xx_it.o(.text.BusFault_Handler) for BusFault_Handler
    startup_stm32f407xx.o(RESET) refers to stm32f4xx_it.o(.text.UsageFault_Handler) for UsageFault_Handler
    startup_stm32f407xx.o(RESET) refers to stm32f4xx_it.o(.text.SVC_Handler) for SVC_Handler
    startup_stm32f407xx.o(RESET) refers to stm32f4xx_it.o(.text.DebugMon_Handler) for DebugMon_Handler
    startup_stm32f407xx.o(RESET) refers to stm32f4xx_it.o(.text.PendSV_Handler) for PendSV_Handler
    startup_stm32f407xx.o(RESET) refers to stm32f4xx_it.o(.text.SysTick_Handler) for SysTick_Handler
    startup_stm32f407xx.o(RESET) refers to stm32f4xx_it.o(.text.TIM2_IRQHandler) for TIM2_IRQHandler
    startup_stm32f407xx.o(RESET) refers to stm32f4xx_it.o(.text.USART1_IRQHandler) for USART1_IRQHandler
    startup_stm32f407xx.o(RESET) refers to stm32f4xx_it.o(.text.DMA2_Stream2_IRQHandler) for DMA2_Stream2_IRQHandler
    startup_stm32f407xx.o(.text) refers (Special) to heapauxi.o(.text) for __use_two_region_memory
    startup_stm32f407xx.o(.text) refers to system_stm32f4xx.o(.text.SystemInit) for SystemInit
    startup_stm32f407xx.o(.text) refers to __main.o(!!!main) for __main
    startup_stm32f407xx.o(.text) refers to startup_stm32f407xx.o(HEAP) for Heap_Mem
    startup_stm32f407xx.o(.text) refers to startup_stm32f407xx.o(STACK) for Stack_Mem
    main.o(.text.main) refers to stm32f4xx_hal.o(.text.HAL_Init) for HAL_Init
    main.o(.text.main) refers to main.o(.text.SystemClock_Config) for SystemClock_Config
    main.o(.text.main) refers to gpio.o(.text.MX_GPIO_Init) for MX_GPIO_Init
    main.o(.text.main) refers to dma.o(.text.MX_DMA_Init) for MX_DMA_Init
    main.o(.text.main) refers to i2c.o(.text.MX_I2C2_Init) for MX_I2C2_Init
    main.o(.text.main) refers to tim.o(.text.MX_TIM1_Init) for MX_TIM1_Init
    main.o(.text.main) refers to tim.o(.text.MX_TIM3_Init) for MX_TIM3_Init
    main.o(.text.main) refers to tim.o(.text.MX_TIM4_Init) for MX_TIM4_Init
    main.o(.text.main) refers to tim.o(.text.MX_TIM2_Init) for MX_TIM2_Init
    main.o(.text.main) refers to usart.o(.text.MX_USART1_UART_Init) for MX_USART1_UART_Init
    main.o(.text.main) refers to scheduler.o(.text.Scheduler_Init) for Scheduler_Init
    main.o(.text.main) refers to scheduler.o(.text.Scheduler_Run) for Scheduler_Run
    main.o(.ARM.exidx.text.main) refers to main.o(.text.main) for [Anonymous Symbol]
    main.o(.text.SystemClock_Config) refers to rt_memclr_w.o(.text) for __aeabi_memclr4
    main.o(.text.SystemClock_Config) refers to stm32f4xx_hal_rcc.o(.text.HAL_RCC_OscConfig) for HAL_RCC_OscConfig
    main.o(.text.SystemClock_Config) refers to stm32f4xx_hal_rcc.o(.text.HAL_RCC_ClockConfig) for HAL_RCC_ClockConfig
    main.o(.ARM.exidx.text.SystemClock_Config) refers to main.o(.text.SystemClock_Config) for [Anonymous Symbol]
    main.o(.ARM.exidx.text.Error_Handler) refers to main.o(.text.Error_Handler) for [Anonymous Symbol]
    gpio.o(.text.MX_GPIO_Init) refers to stm32f4xx_hal_gpio.o(.text.HAL_GPIO_WritePin) for HAL_GPIO_WritePin
    gpio.o(.text.MX_GPIO_Init) refers to stm32f4xx_hal_gpio.o(.text.HAL_GPIO_Init) for HAL_GPIO_Init
    gpio.o(.ARM.exidx.text.MX_GPIO_Init) refers to gpio.o(.text.MX_GPIO_Init) for [Anonymous Symbol]
    dma.o(.text.MX_DMA_Init) refers to stm32f4xx_hal_cortex.o(.text.HAL_NVIC_SetPriority) for HAL_NVIC_SetPriority
    dma.o(.text.MX_DMA_Init) refers to stm32f4xx_hal_cortex.o(.text.HAL_NVIC_EnableIRQ) for HAL_NVIC_EnableIRQ
    dma.o(.ARM.exidx.text.MX_DMA_Init) refers to dma.o(.text.MX_DMA_Init) for [Anonymous Symbol]
    i2c.o(.text.MX_I2C2_Init) refers to i2c.o(.bss.hi2c2) for hi2c2
    i2c.o(.text.MX_I2C2_Init) refers to stm32f4xx_hal_i2c.o(.text.HAL_I2C_Init) for HAL_I2C_Init
    i2c.o(.text.MX_I2C2_Init) refers to main.o(.text.Error_Handler) for Error_Handler
    i2c.o(.ARM.exidx.text.MX_I2C2_Init) refers to i2c.o(.text.MX_I2C2_Init) for [Anonymous Symbol]
    i2c.o(.text.HAL_I2C_MspInit) refers to stm32f4xx_hal_gpio.o(.text.HAL_GPIO_Init) for HAL_GPIO_Init
[...]
    TIM1_CC_IRQHandler                       0x0800035b   Thumb Code     0  startup_stm32f407xx.o(.text)
    TIM1_TRG_COM_TIM11_IRQHandler            0x0800035b   Thumb Code     0  startup_stm32f407xx.o(.text)
    TIM1_UP_TIM10_IRQHandler                 0x0800035b   Thumb Code     0  startup_stm32f407xx.o(.text)
    TIM3_IRQHandler                          0x0800035b   Thumb Code     0  startup_stm32f407xx.o(.text)
    TIM4_IRQHandler                          0x0800035b   Thumb Code     0  startup_stm32f407xx.o(.text)
    TIM5_IRQHandler                          0x0800035b   Thumb Code     0  startup_stm32f407xx.o(.text)
    TIM6_DAC_IRQHandler                      0x0800035b   Thumb Code     0  startup_stm32f407xx.o(.text)
    TIM7_IRQHandler                          0x0800035b   Thumb Code     0  startup_stm32f407xx.o(.text)
    TIM8_BRK_TIM12_IRQHandler                0x0800035b   Thumb Code     0  startup_stm32f407xx.o(.text)
    TIM8_CC_IRQHandler                       0x0800035b   Thumb Code     0  startup_stm32f407xx.o(.text)
    TIM8_TRG_COM_TIM14_IRQHandler            0x0800035b   Thumb Code     0  startup_stm32f407xx.o(.text)
    TIM8_UP_TIM13_IRQHandler                 0x0800035b   Thumb Code     0  startup_stm32f407xx.o(.text)
    UART4_IRQHandler                         0x0800035b   Thumb Code     0  startup_stm32f407xx.o(.text)
    UART5_IRQHandler                         0x0800035b   Thumb Code     0  startup_stm32f407xx.o(.text)
    USART2_IRQHandler                        0x0800035b   Thumb Code     0  startup_stm32f407xx.o(.text)
    USART3_IRQHandler                        0x0800035b   Thumb Code     0  startup_stm32f407xx.o(.text)
    USART6_IRQHandler                        0x0800035b   Thumb Code     0  startup_stm32f407xx.o(.text)
    WWDG_IRQHandler                          0x0800035b   Thumb Code     0  startup_stm32f407xx.o(.text)
    __user_initial_stackheap                 0x0800035d   Thumb Code     0  startup_stm32f407xx.o(.text)
    __aeabi_uldivmod                         0x08000381   Thumb Code     0  lludivv7m.o(.text)
    _ll_udiv                                 0x08000381   Thumb Code   240  lludivv7m.o(.text)
    vsnprintf                                0x08000471   Thumb Code    56  vsnprintf.o(.text)
    __2snprintf                              0x080004ad   Thumb Code    58  __2snprintf.o(.text)
    _printf_pre_padding                      0x080004ed   Thumb Code    44  _printf_pad.o(.text)
    _printf_post_padding                     0x08000519   Thumb Code    34  _printf_pad.o(.text)
    _printf_str                              0x0800053b   Thumb Code    82  _printf_str.o(.text)
    _printf_int_dec                          0x0800058d   Thumb Code   104  _printf_dec.o(.text)
    __printf                                 0x08000605   Thumb Code   388  __printf_flags_ss_wp.o(.text)
    memcmp                                   0x0800078d   Thumb Code    88  memcmp.o(.text)
    __aeabi_memcpy                           0x080007e5   Thumb Code     0  rt_memcpy_v6.o(.text)
    __rt_memcpy                              0x080007e5   Thumb Code   138  rt_memcpy_v6.o(.text)
    _memcpy_lastbytes                        0x0800084b   Thumb Code     0  rt_memcpy_v6.o(.text)
    __aeabi_memclr                           0x0800086f   Thumb Code     0  rt_memclr.o(.text)
    __rt_memclr                              0x0800086f   Thumb Code     0  rt_memclr.o(.text)
    _memset                                  0x08000873   Thumb Code    64  rt_memclr.o(.text)
    __aeabi_memclr4                          0x080008b3   Thumb Code     0  rt_memclr_w.o(.text)
    __aeabi_memclr8                          0x080008b3   Thumb Code     0  rt_memclr_w.o(.text)
    __rt_memclr_w                            0x080008b3   Thumb Code     0  rt_memclr_w.o(.text)
    _memset_w                                0x080008b7   Thumb Code    74  rt_memclr_w.o(.text)
    __use_two_region_memory                  0x08000901   Thumb Code     2  heapauxi.o(.text)
    __rt_heap_escrow$2region                 0x08000903   Thumb Code     2  heapauxi.o(.text)
    __rt_heap_expand$2region                 0x08000905   Thumb Code     2  heapauxi.o(.text)
    _printf_truncate_signed                  0x08000907   Thumb Code    18  _printf_truncate.o(.text)
    _printf_truncate_unsigned                0x08000919   Thumb Code    18  _printf_truncate.o(.text)
    _printf_int_common                       0x0800092b   Thumb Code   178  _printf_intcommon.o(.text)
    _printf_charcount                        0x080009dd   Thumb Code    40  _printf_charcount.o(.text)
    _printf_fp_dec_real                      0x08000bb5   Thumb Code   620  _printf_fp_dec.o(.text)
    _printf_char_common                      0x08000e2b   Thumb Code    32  _printf_char_common.o(.text)
    _snputc                                  0x08000e51   Thumb Code    16  _snputc.o(.text)
    _printf_cs_common                        0x08000e61   Thumb Code    20  _printf_char.o(.text)
    _printf_char                             0x08000e75   Thumb Code    16  _printf_char.o(.text)
    _printf_string                           0x08000e85   Thumb Code     8  _printf_char.o(.text)
    _printf_wctomb                           0x08000e8d   Thumb Code   182  _printf_wctomb.o(.text)
    _printf_longlong_dec                     0x08000f49   Thumb Code   108  _printf_longlong_dec.o(.text)
    _printf_longlong_oct                     0x08000fc5   Thumb Code    68  _printf_oct_int_ll.o(.text)
    _printf_int_oct                          0x08001009   Thumb Code    24  _printf_oct_int_ll.o(.text)
    _printf_ll_oct                           0x08001021   Thumb Code    12  _printf_oct_int_ll.o(.text)
    _printf_longlong_hex                     0x08001035   Thumb Code    86  _printf_hex_int_ll_ptr.o(.text)
    _printf_int_hex                          0x0800108b   Thumb Code    28  _printf_hex_int_ll_ptr.o(.text)
    _printf_ll_hex                           0x080010a7   Thumb Code    12  _printf_hex_int_ll_ptr.o(.text)
    _printf_hex_ptr                          0x080010b3   Thumb Code    18  _printf_hex_int_ll_ptr.o(.text)
    __aeabi_memcpy4                          0x080010c9   Thumb Code     0  rt_memcpy_w.o(.text)
    __aeabi_memcpy8                          0x080010c9   Thumb Code     0  rt_memcpy_w.o(.text)
    __rt_memcpy_w                            0x080010c9   Thumb Code   100  rt_memcpy_w.o(.text)
    _memcpy_lastbytes_aligned                0x08001111   Thumb Code     0  rt_memcpy_w.o(.text)
    __rt_locale                              0x0800112d   Thumb Code     8  rt_locale_intlibspace.o(.text)
    _ll_udiv10                               0x08001135   Thumb Code   138  lludiv10.o(.text)
    _printf_fp_hex_real                      0x080011c1   Thumb Code   756  _printf_fp_hex.o(.text)
    _printf_fp_infnan                        0x080014bd   Thumb Code   112  _printf_fp_infnan.o(.text)
    _printf_lcs_common                       0x0800153d   Thumb Code    20  _printf_wchar.o(.text)
    _printf_wchar                            0x08001551   Thumb Code    16  _printf_wchar.o(.text)
    _printf_wstring                          0x08001561   Thumb Code     8  _printf_wchar.o(.text)
    _btod_etento                             0x08001569   Thumb Code   224  bigflt0.o(.text)
    _c16rtomb                                0x0800164d   Thumb Code    72  _c16rtomb.o(.text)
    _wcrtomb                                 0x0800164d   Thumb Code     0  _c16rtomb.o(.text)
    __user_libspace                          0x08001695   Thumb Code     8  libspace.o(.text)
    __user_perproc_libspace                  0x08001695   Thumb Code     0  libspace.o(.text)
    __user_perthread_libspace                0x08001695   Thumb Code     0  libspace.o(.text)
    __user_setup_stackheap                   0x0800169d   Thumb Code    74  sys_stackheap_outer.o(.text)
    __rt_ctype_table                         0x080016e9   Thumb Code    16  rt_ctype_table.o(.text)
    exit                                     0x080016f9   Thumb Code    18  exit.o(.text)
    strcmp                                   0x08001711   Thumb Code   124  strcmpv7em.o(.text)
    _sys_exit                                0x0800178d   Thumb Code     8  sys_exit.o(.text)
    __I$use$semihosting                      0x08001799   Thumb Code     0  use_no_semi.o(.text)
    __use_no_semihosting_swi                 0x08001799   Thumb Code     2  use_no_semi.o(.text)
    __semihosting_library_function           0x0800179b   Thumb Code     0  indicate_semi.o(.text)
    BusFault_Handler                         0x0800179d   Thumb Code     2  stm32f4xx_it.o(.text.BusFault_Handler)
    DMA2_Stream2_IRQHandler                  0x080017a1   Thumb Code    12  stm32f4xx_it.o(.text.DMA2_Stream2_IRQHandler)
    DebugMon_Handler                         0x080017ad   Thumb Code     2  stm32f4xx_it.o(.text.DebugMon_Handler)
    Ebtn_Init                                0x080017b1   Thumb Code    64  key_driver.o(.text.Ebtn_Init)
    Encoder_Driver_Init                      0x080017f1   Thumb Code    44  encoder_driver.o(.text.Encoder_Driver_Init)
    Encoder_Driver_Update                    0x0800181d   Thumb Code   112  encoder_driver.o(.text.Encoder_Driver_Update)
    Encoder_Init                             0x080018a5   Thumb Code    48  encoder_app.o(.text.Encoder_Init)
    Encoder_Task                             0x080018d5   Thumb Code    28  encoder_app.o(.text.Encoder_Task)
    Error_Handler                            0x080018f1   Thumb Code     6  main.o(.text.Error_Handler)
    Gray_Init                                0x080018f9   Thumb Code     2  gray_app.o(.text.Gray_Init)
    Gray_Task                                0x080018fd   Thumb Code    20  gray_app.o(.text.Gray_Task)
    HAL_DMA_Abort                            0x08001911   Thumb Code   142  stm32f4xx_hal_dma.o(.text.HAL_DMA_Abort)
    HAL_DMA_Abort_IT                         0x080019a1   Thumb Code    36  stm32f4xx_hal_dma.o(.text.HAL_DMA_Abort_IT)
    HAL_DMA_IRQHandler                       0x080019c5   Thumb Code   452  stm32f4xx_hal_dma.o(.text.HAL_DMA_IRQHandler)
    HAL_DMA_Init                             0x08001b89   Thumb Code   354  stm32f4xx_hal_dma.o(.text.HAL_DMA_Init)
    HAL_DMA_Start_IT                         0x08001ced   Thumb Code   162  stm32f4xx_hal_dma.o(.text.HAL_DMA_Start_IT)
    HAL_Delay                                0x08001d91   Thumb Code    40  stm32f4xx_hal.o(.text.HAL_Delay)
    HAL_GPIO_Init                            0x08001db9   Thumb Code   414  stm32f4xx_hal_gpio.o(.text.HAL_GPIO_Init)
    HAL_GPIO_ReadPin                         0x08001f59   Thumb Code    10  stm32f4xx_hal_gpio.o(.text.HAL_GPIO_ReadPin)
    HAL_GPIO_WritePin                        0x08001f65   Thumb Code    10  stm32f4xx_hal_gpio.o(.text.HAL_GPIO_WritePin)
    HAL_GetTick                              0x08001f71   Thumb Code    12  stm32f4xx_hal.o(.text.HAL_GetTick)
    HAL_I2C_Init                             0x08001f7d   Thumb Code   356  stm32f4xx_hal_i2c.o(.text.HAL_I2C_Init)
    HAL_I2C_Mem_Read                         0x080020e1   Thumb Code   600  stm32f4xx_hal_i2c.o(.text.HAL_I2C_Mem_Read)
    HAL_I2C_Mem_Write                        0x08002339   Thumb Code   348  stm32f4xx_hal_i2c.o(.text.HAL_I2C_Mem_Write)
    HAL_I2C_MspInit                          0x08002495   Thumb Code   118  i2c.o(.text.HAL_I2C_MspInit)
    HAL_IncTick                              0x0800250d   Thumb Code    26  stm32f4xx_hal.o(.text.HAL_IncTick)
    HAL_Init                                 0x08002529   Thumb Code    54  stm32f4xx_hal.o(.text.HAL_Init)
    HAL_InitTick                             0x08002561   Thumb Code    72  stm32f4xx_hal.o(.text.HAL_InitTick)
    HAL_MspInit                              0x080025a9   Thumb Code    56  stm32f4xx_hal_msp.o(.text.HAL_MspInit)
    HAL_NVIC_EnableIRQ                       0x080025e1   Thumb Code    34  stm32f4xx_hal_cortex.o(.text.HAL_NVIC_EnableIRQ)
    HAL_NVIC_SetPriority                     0x08002605   Thumb Code    86  stm32f4xx_hal_cortex.o(.text.HAL_NVIC_SetPriority)
    HAL_NVIC_SetPriorityGrouping             0x0800265d   Thumb Code    32  stm32f4xx_hal_cortex.o(.text.HAL_NVIC_SetPriorityGrouping)
    HAL_RCC_ClockConfig                      0x0800267d   Thumb Code   356  stm32f4xx_hal_rcc.o(.text.HAL_RCC_ClockConfig)
    HAL_RCC_GetPCLK1Freq                     0x080027e1   Thumb Code    38  stm32f4xx_hal_rcc.o(.text.HAL_RCC_GetPCLK1Freq)
    HAL_RCC_GetPCLK2Freq                     0x08002809   Thumb Code    38  stm32f4xx_hal_rcc.o(.text.HAL_RCC_GetPCLK2Freq)
    HAL_RCC_GetSysClockFreq                  0x08002831   Thumb Code   108  stm32f4xx_hal_rcc.o(.text.HAL_RCC_GetSysClockFreq)
    HAL_RCC_OscConfig                        0x0800289d   Thumb Code   940  stm32f4xx_hal_rcc.o(.text.HAL_RCC_OscConfig)
    HAL_SYSTICK_Config                       0x08002c49   Thumb Code    44  stm32f4xx_hal_cortex.o(.text.HAL_SYSTICK_Config)
    HAL_TIMEx_BreakCallback                  0x08002c75   Thumb Code     2  stm32f4xx_hal_tim_ex.o(.text.HAL_TIMEx_BreakCallback)
    HAL_TIMEx_CommutCallback                 0x08002c79   Thumb Code     2  stm32f4xx_hal_tim_ex.o(.text.HAL_TIMEx_CommutCallback)
    HAL_TIMEx_ConfigBreakDeadTime            0x08002c7d   Thumb Code    76  stm32f4xx_hal_tim_ex.o(.text.HAL_TIMEx_ConfigBreakDeadTime)
    HAL_TIMEx_MasterConfigSynchronization    0x08002cc9   Thumb Code   186  stm32f4xx_hal_tim_ex.o(.text.HAL_TIMEx_MasterConfigSynchronization)
    HAL_TIM_Base_Init                        0x08002d85   Thumb Code    90  stm32f4xx_hal_tim.o(.text.HAL_TIM_Base_Init)
    HAL_TIM_Base_MspInit                     0x08002de1   Thumb Code   108  tim.o(.text.HAL_TIM_Base_MspInit)
    HAL_TIM_Base_Start_IT                    0x08002e4d   Thumb Code   170  stm32f4xx_hal_tim.o(.text.HAL_TIM_Base_Start_IT)
    HAL_TIM_ConfigClockSource                0x08002ef9   Thumb Code   416  stm32f4xx_hal_tim.o(.text.HAL_TIM_ConfigClockSource)
    HAL_TIM_Encoder_Init                     0x08003099   Thumb Code   178  stm32f4xx_hal_tim.o(.text.HAL_TIM_Encoder_Init)
    HAL_TIM_Encoder_MspInit                  0x0800314d   Thumb Code   192  tim.o(.text.HAL_TIM_Encoder_MspInit)
    HAL_TIM_Encoder_Start                    0x0800320d   Thumb Code   188  stm32f4xx_hal_tim.o(.text.HAL_TIM_Encoder_Start)
    HAL_TIM_IC_CaptureCallback               0x080032c9   Thumb Code     2  stm32f4xx_hal_tim.o(.text.HAL_TIM_IC_CaptureCallback)
    HAL_TIM_IRQHandler                       0x080032cd   Thumb Code   334  stm32f4xx_hal_tim.o(.text.HAL_TIM_IRQHandler)
    HAL_TIM_OC_DelayElapsedCallback          0x0800341d   Thumb Code     2  stm32f4xx_hal_tim.o(.text.HAL_TIM_OC_DelayElapsedCallback)
    HAL_TIM_PWM_ConfigChannel                0x08003421   Thumb Code   544  stm32f4xx_hal_tim.o(.text.HAL_TIM_PWM_ConfigChannel)
    HAL_TIM_PWM_Init                         0x08003641   Thumb Code    90  stm32f4xx_hal_tim.o(.text.HAL_TIM_PWM_Init)
    HAL_TIM_PWM_MspInit                      0x0800369d   Thumb Code     2  stm32f4xx_hal_tim.o(.text.HAL_TIM_PWM_MspInit)
    HAL_TIM_PWM_PulseFinishedCallback        0x080036a1   Thumb Code     2  stm32f4xx_hal_tim.o(.text.HAL_TIM_PWM_PulseFinishedCallback)
    HAL_TIM_PWM_Start                        0x080036a5   Thumb Code   270  stm32f4xx_hal_tim.o(.text.HAL_TIM_PWM_Start)
    HAL_TIM_PeriodElapsedCallback            0x080037b5   Thumb Code    94  scheduler_task.o(.text.HAL_TIM_PeriodElapsedCallback)
    HAL_TIM_TriggerCallback                  0x08003815   Thumb Code     2  stm32f4xx_hal_tim.o(.text.HAL_TIM_TriggerCallback)
    HAL_UARTEx_ReceiveToIdle_DMA             0x08003819   Thumb Code   494  stm32f4xx_hal_uart.o(.text.HAL_UARTEx_ReceiveToIdle_DMA)
    HAL_UARTEx_RxEventCallback               0x08003a09   Thumb Code    96  uart_driver.o(.text.HAL_UARTEx_RxEventCallback)
    HAL_UART_DMAStop                         0x08003a69   Thumb Code   540  stm32f4xx_hal_uart.o(.text.HAL_UART_DMAStop)
    HAL_UART_ErrorCallback                   0x08003c85   Thumb Code     2  stm32f4xx_hal_uart.o(.text.HAL_UART_ErrorCallback)
    HAL_UART_IRQHandler                      0x08003c89   Thumb Code  1428  stm32f4xx_hal_uart.o(.text.HAL_UART_IRQHandler)
    HAL_UART_Init                            0x0800421d   Thumb Code    96  stm32f4xx_hal_uart.o(.text.HAL_UART_Init)
    HAL_UART_MspInit                         0x0800427d   Thumb Code   194  usart.o(.text.HAL_UART_MspInit)
    HAL_UART_RxCpltCallback                  0x08004341   Thumb Code     2  stm32f4xx_hal_uart.o(.text.HAL_UART_RxCpltCallback)
    HAL_UART_RxHalfCpltCallback              0x08004345   Thumb Code     2  stm32f4xx_hal_uart.o(.text.HAL_UART_RxHalfCpltCallback)
    HAL_UART_Transmit_IT                     0x08004349   Thumb Code    62  stm32f4xx_hal_uart.o(.text.HAL_UART_Transmit_IT)
    HAL_UART_TxCpltCallback                  0x08004389   Thumb Code    62  uart_driver.o(.text.HAL_UART_TxCpltCallback)
    HardFault_Handler                        0x080043c9   Thumb Code     2  stm32f4xx_it.o(.text.HardFault_Handler)
    IIC_Get_Digtal                           0x08004a55   Thumb Code    48  hardware_iic.o(.text.IIC_Get_Digtal)
    Key_Init                                 0x08004a85   Thumb Code     4  key_app.o(.text.Key_Init)
    Key_Task                                 0x08004a89   Thumb Code    14  key_app.o(.text.Key_Task)
    Led_Display                              0x08004a99   Thumb Code   140  led_driver.o(.text.Led_Display)
    Led_Init                                 0x08004b25   Thumb Code    14  led_app.o(.text.Led_Init)
    Led_Task                                 0x08004b35   Thumb Code    14  led_app.o(.text.Led_Task)
    MX_DMA_Init                              0x08004b45   Thumb Code    56  dma.o(.text.MX_DMA_Init)
    MX_GPIO_Init                             0x08004b7d   Thumb Code   278  gpio.o(.text.MX_GPIO_Init)
    MX_I2C2_Init                             0x08004c95   Thumb Code    66  i2c.o(.text.MX_I2C2_Init)
    MX_TIM1_Init                             0x08004cd9   Thumb Code   406  tim.o(.text.MX_TIM1_Init)
    MX_TIM2_Init                             0x08004e71   Thumb Code   112  tim.o(.text.MX_TIM2_Init)
    MX_TIM3_Init                             0x08004ee1   Thumb Code   106  tim.o(.text.MX_TIM3_Init)
    MX_TIM4_Init                             0x08004f4d   Thumb Code   106  tim.o(.text.MX_TIM4_Init)
    MX_USART1_UART_Init                      0x08004fb9   Thumb Code    60  usart.o(.text.MX_USART1_UART_Init)
    MemManage_Handler                        0x08004ff5   Thumb Code     2  stm32f4xx_it.o(.text.MemManage_Handler)
    MotorApp_Acceleration_ToggleMode         0x08004ff9   Thumb Code    20  motor_app.o(.text.MotorApp_Acceleration_ToggleMode)
    MotorApp_BasicRun_SetDirection           0x0800500d   Thumb Code    74  motor_app.o(.text.MotorApp_BasicRun_SetDirection)
    MotorApp_CircleControl_DecreaseTarget    0x08005059   Thumb Code    24  motor_app.o(.text.MotorApp_CircleControl_DecreaseTarget)
    MotorApp_CircleControl_IncreaseTarget    0x08005071   Thumb Code    24  motor_app.o(.text.MotorApp_CircleControl_IncreaseTarget)
    MotorApp_GetCurrentRPM                   0x08005089   Thumb Code    14  motor_app.o(.text.MotorApp_GetCurrentRPM)
    MotorApp_GetState                        0x08005099   Thumb Code    10  motor_app.o(.text.MotorApp_GetState)
    MotorApp_IsRunning                       0x080050a5   Thumb Code    12  motor_app.o(.text.MotorApp_IsRunning)
    MotorApp_SetMode                         0x080050b1   Thumb Code    82  motor_app.o(.text.MotorApp_SetMode)
    MotorApp_SpeedGear_DecreaseGear          0x08005105   Thumb Code    98  motor_app.o(.text.MotorApp_SpeedGear_DecreaseGear)
    MotorApp_SpeedGear_IncreaseGear          0x08005169   Thumb Code    94  motor_app.o(.text.MotorApp_SpeedGear_IncreaseGear)
    MotorApp_Start                           0x080051c9   Thumb Code   200  motor_app.o(.text.MotorApp_Start)
    MotorApp_Stop                            0x08005291   Thumb Code    74  motor_app.o(.text.MotorApp_Stop)
    Motor_Config_Init                        0x080052dd   Thumb Code   122  motor_driver.o(.text.Motor_Config_Init)
    Motor_Init                               0x08005359   Thumb Code    72  motor_app.o(.text.Motor_Init)
    Motor_Set_Speed                          0x080053a1   Thumb Code   240  motor_driver.o(.text.Motor_Set_Speed)
    Motor_Task                               0x08005491   Thumb Code   544  motor_app.o(.text.Motor_Task)
    NMI_Handler                              0x080056d5   Thumb Code     2  stm32f4xx_it.o(.text.NMI_Handler)
    OLED_Clear                               0x080056d9   Thumb Code   540  oled.o(.text.OLED_Clear)
    OLED_Init                                0x080058f5   Thumb Code   706  oled.o(.text.OLED_Init)
    OLED_ShowChar                            0x08005bb9   Thumb Code   932  oled.o(.text.OLED_ShowChar)
    OLED_ShowStr                             0x08005f5d   Thumb Code    64  oled.o(.text.OLED_ShowStr)
    OLED_ShowString                          0x08005f9d   Thumb Code     6  oled_driver.o(.text.OLED_ShowString)
    Oled_Init                                0x08005fa5   Thumb Code    18  oled_app.o(.text.Oled_Init)
    Oled_Task                                0x08005fb9   Thumb Code   136  oled_app.o(.text.Oled_Task)
    PID_Init                                 0x0800606d   Thumb Code   108  pid_app.o(.text.PID_Init)
    PID_Task                                 0x080060dd   Thumb Code   104  pid_app.o(.text.PID_Task)
    PendSV_Handler                           0x08006145   Thumb Code     2  stm32f4xx_it.o(.text.PendSV_Handler)
    SVC_Handler                              0x08006149   Thumb Code     2  stm32f4xx_it.o(.text.SVC_Handler)
    Scheduler_Init                           0x0800614d   Thumb Code    20  scheduler.o(.text.Scheduler_Init)
    Scheduler_Run                            0x08006161   Thumb Code    74  scheduler.o(.text.Scheduler_Run)
    SysTick_Handler                          0x080061ad   Thumb Code     4  stm32f4xx_it.o(.text.SysTick_Handler)
    SystemClock_Config                       0x080061b1   Thumb Code   168  main.o(.text.SystemClock_Config)
    SystemInit                               0x08006259   Thumb Code    18  system_stm32f4xx.o(.text.SystemInit)
    System_Init                              0x0800626d   Thumb Code    68  scheduler_task.o(.text.System_Init)
    TIM2_IRQHandler                          0x080062c9   Thumb Code    12  stm32f4xx_it.o(.text.TIM2_IRQHandler)
    TIM_Base_SetConfig                       0x080062d5   Thumb Code   314  stm32f4xx_hal_tim.o(.text.TIM_Base_SetConfig)
    UI_Animation_GetScrollOffset             0x080068f9   Thumb Code    66  ui_animation_app.o(.text.UI_Animation_GetScrollOffset)
    UI_Animation_Init                        0x0800693d   Thumb Code    54  ui_animation_app.o(.text.UI_Animation_Init)
    UI_Animation_IsScrolling                 0x08006975   Thumb Code    12  ui_animation_app.o(.text.UI_Animation_IsScrolling)
    UI_Animation_Update                      0x08006981   Thumb Code   390  ui_animation_app.o(.text.UI_Animation_Update)
    UI_Menu_Draw                             0x08006b09   Thumb Code   168  ui_menu_app.o(.text.UI_Menu_Draw)
    UI_Menu_GoBack                           0x08006bc1   Thumb Code    32  ui_menu_app.o(.text.UI_Menu_GoBack)
    UI_Menu_Init                             0x08006be1   Thumb Code    26  ui_menu_app.o(.text.UI_Menu_Init)
    UI_Menu_KeyHandler                       0x08006bfd   Thumb Code   128  ui_menu_app.o(.text.UI_Menu_KeyHandler)
    UI_Menu_Update                           0x08006c7d   Thumb Code    86  ui_menu_app.o(.text.UI_Menu_Update)
    UI_Page_DrawAcceleration                 0x08006cd9   Thumb Code   184  ui_page_app.o(.text.UI_Page_DrawAcceleration)
    UI_Page_DrawBasicRun                     0x08006dd9   Thumb Code   116  ui_page_app.o(.text.UI_Page_DrawBasicRun)
    UI_Page_DrawCircleControl                0x08006ebd   Thumb Code   144  ui_page_app.o(.text.UI_Page_DrawCircleControl)
    UI_Page_DrawMainMenu                     0x08006fc5   Thumb Code   280  ui_page_app.o(.text.UI_Page_DrawMainMenu)
    UI_Page_DrawSettings                     0x080070f1   Thumb Code    48  ui_page_app.o(.text.UI_Page_DrawSettings)
    UI_Page_DrawSpeedGear                    0x08007165   Thumb Code   196  ui_page_app.o(.text.UI_Page_DrawSpeedGear)
    UI_Page_DrawSplash                       0x0800728d   Thumb Code    48  ui_page_app.o(.text.UI_Page_DrawSplash)
    UI_Page_DrawSystemInfo                   0x08007305   Thumb Code    92  ui_page_app.o(.text.UI_Page_DrawSystemInfo)
    UI_Page_DrawTrapezoid                    0x080073a9   Thumb Code   156  ui_page_app.o(.text.UI_Page_DrawTrapezoid)
    UI_Page_KeyHandler                       0x08007495   Thumb Code   304  ui_page_app.o(.text.UI_Page_KeyHandler)
    UI_Page_Update                           0x080075c5   Thumb Code   142  ui_page_app.o(.text.UI_Page_Update)
    USART1_IRQHandler                        0x08007655   Thumb Code    12  stm32f4xx_it.o(.text.USART1_IRQHandler)
    Uart1_Task                               0x08007661   Thumb Code    76  uart_app.o(.text.Uart1_Task)
    Uart_Init                                0x080076c5   Thumb Code    66  uart_app.o(.text.Uart_Init)
    Uart_Printf                              0x08007709   Thumb Code   130  uart_driver.o(.text.Uart_Printf)
    Uart_Tx_Init                             0x0800778d   Thumb Code    26  uart_driver.o(.text.Uart_Tx_Init)
    UsageFault_Handler                       0x080077a9   Thumb Code     2  stm32f4xx_it.o(.text.UsageFault_Handler)
    ebtn_init                                0x080077ad   Thumb Code    76  ebtn.o(.text.ebtn_init)
    ebtn_process                             0x080077f9   Thumb Code   154  ebtn.o(.text.ebtn_process)
    ebtn_process_with_curr_state             0x08007895   Thumb Code   684  ebtn.o(.text.ebtn_process_with_curr_state)
    ebtn_set_config                          0x08007b41   Thumb Code    14  ebtn.o(.text.ebtn_set_config)
    main                                     0x08007b51   Thumb Code    50  main.o(.text.main)
    my_get_key_state                         0x08007b85   Thumb Code    44  key_driver.o(.text.my_get_key_state)
    my_handle_key_event                      0x08007bb9   Thumb Code   104  key_app.o(.text.my_handle_key_event)
    pid_calculate_positional                 0x08007c31   Thumb Code   128  pid.o(.text.pid_calculate_positional)
    pid_init                                 0x08007cb1   Thumb Code    26  pid.o(.text.pid_init)
    pid_set_target                           0x08007ccd   Thumb Code     6  pid.o(.text.pid_set_target)
    rt_ringbuffer_data_len                   0x08007e71   Thumb Code    68  ringbuffer.o(.text.rt_ringbuffer_data_len)
    rt_ringbuffer_get                        0x08007eb5   Thumb Code   184  ringbuffer.o(.text.rt_ringbuffer_get)
    rt_ringbuffer_init                       0x08007f6d   Thumb Code    14  ringbuffer.o(.text.rt_ringbuffer_init)
    rt_ringbuffer_peek                       0x08007f7d   Thumb Code   132  ringbuffer.o(.text.rt_ringbuffer_peek)
    rt_ringbuffer_put                        0x08008001   Thumb Code   178  ringbuffer.o(.text.rt_ringbuffer_put)
    _btod_d2e                                0x080080b3   Thumb Code    62  btod.o(CL$$btod_d2e)
    _d2e_denorm_low                          0x080080f1   Thumb Code    70  btod.o(CL$$btod_d2e_denorm_low)
    _d2e_norm_op1                            0x08008137   Thumb Code    96  btod.o(CL$$btod_d2e_norm_op1)
    __btod_div_common                        0x08008199   Thumb Code   696  btod.o(CL$$btod_div_common)
    _e2e                                     0x080084d1   Thumb Code   220  btod.o(CL$$btod_e2e)
    _btod_ediv                               0x080085ad   Thumb Code    42  btod.o(CL$$btod_ediv)
    _btod_emul                               0x080085d7   Thumb Code    42  btod.o(CL$$btod_emul)
    __btod_mult_common                       0x08008601   Thumb Code   580  btod.o(CL$$btod_mult_common)
    __ARM_fpclassify                         0x08008845   Thumb Code    48  fpclassify.o(i.__ARM_fpclassify)
    _is_digit                                0x08008875   Thumb Code    14  __printf_wp.o(i._is_digit)
    _get_lc_numeric                          0x08008885   Thumb Code    44  lc_numeric_c.o(locale$$code)
    _get_lc_ctype                            0x080088b1   Thumb Code    44  lc_ctype_c.o(locale$$code)
    __fpl_dretinf                            0x080088dd   Thumb Code    12  dretinf.o(x$fpl$dretinf)
    __aeabi_f2d                              0x080088e9   Thumb Code     0  f2d.o(x$fpl$f2d)
    _f2d                                     0x080088e9   Thumb Code    86  f2d.o(x$fpl$f2d)
    __fpl_fnaninf                            0x0800893f   Thumb Code   140  fnaninf.o(x$fpl$fnaninf)
    _fp_init                                 0x080089cb   Thumb Code    26  fpinit.o(x$fpl$fpinit)
    __fplib_config_fpu_vfp                   0x080089e3   Thumb Code     0  fpinit.o(x$fpl$fpinit)
    __fplib_config_pureend_doubles           0x080089e3   Thumb Code     0  fpinit.o(x$fpl$fpinit)
    _printf_fp_dec                           0x080089e5   Thumb Code     4  printf1.o(x$fpl$printf1)
    _printf_fp_hex                           0x080089e9   Thumb Code     4  printf2.o(x$fpl$printf2)
    __I$use$fp                               0x080089ec   Number         0  usenofp.o(x$fpl$usenofp)
    AHBPrescTable                            0x08008af8   Data          16  system_stm32f4xx.o(.rodata.AHBPrescTable)
    APBPrescTable                            0x08008b08   Data           8  system_stm32f4xx.o(.rodata.APBPrescTable)
    g_main_menu_items                        0x08008b28   Data          84  ui_menu_app.o(.rodata.g_main_menu_items)
    oled_F6X8                                0x08008b88   Data         552  oled.o(.rodata.oled_F6X8)
    oled_F8X16                               0x08008db0   Data        1520  oled.o(.rodata.oled_F8X16)
    Region$$Table$$Base                      0x0800943c   Number         0  anon$$obj.o(Region$$Table)
    Region$$Table$$Limit                     0x0800945c   Number         0  anon$$obj.o(Region$$Table)
    __ctype                                  0x08009485   Data           0  lc_ctype_c.o(locale$$data)
    uwTickFreq                               0x20000000   Data           1  stm32f4xx_hal.o(.data..L_MergedGlobals)
    uwTickPrio                               0x20000004   Data           4  stm32f4xx_hal.o(.data..L_MergedGlobals)
    g_scroll_animation                       0x20000008   Data          14  ui_animation_app.o(.data..L_MergedGlobals)
    g_fade_animation                         0x20000016   Data          14  ui_animation_app.o(.data..L_MergedGlobals)
    basic_speed                              0x20000024   Data           4  pid_app.o(.data..L_MergedGlobals)
    pid_params_left                          0x20000028   Data          20  pid_app.o(.data..L_MergedGlobals)
    pid_params_right                         0x2000003c   Data          20  pid_app.o(.data..L_MergedGlobals)
    SystemCoreClock                          0x20000050   Data           4  system_stm32f4xx.o(.data.SystemCoreClock)
    g_menu_state                             0x20000054   Data          16  ui_menu_app.o(.data.g_menu_state)
    initcmd1                                 0x20000064   Data          22  oled.o(.data.initcmd1)
    __libspace_start                         0x20000178   Data          96  libspace.o(.bss)
    __temporary_stack_top$libspace           0x200001d8   Data           0  libspace.o(.bss)
    left_motor                               0x200001ec   Data          28  motor_app.o(.bss..L_MergedGlobals)
    right_motor                              0x20000208   Data          28  motor_app.o(.bss..L_MergedGlobals)
    left_encoder                             0x20000224   Data          24  encoder_app.o(.bss..L_MergedGlobals)
    right_encoder                            0x2000023c   Data          24  encoder_app.o(.bss..L_MergedGlobals)
    encoder_timer10ms                        0x2000025c   Data           1  scheduler_task.o(.bss..L_MergedGlobals)
    motor_timer10ms                          0x2000025d   Data           1  scheduler_task.o(.bss..L_MergedGlobals)
    pid_timer10ms                            0x2000025e   Data           1  scheduler_task.o(.bss..L_MergedGlobals)
    pid_running                              0x20000260   Data           1  pid_app.o(.bss..L_MergedGlobals.1)
    pid_speed_left                           0x20000264   Data          60  pid_app.o(.bss..L_MergedGlobals.1)
    pid_speed_right                          0x200002a0   Data          60  pid_app.o(.bss..L_MergedGlobals.1)
    gray_digtal                              0x20000314   Data           1  gray_app.o(.bss.gray_digtal)
    hdma_usart1_rx                           0x20000318   Data          96  usart.o(.bss.hdma_usart1_rx)
    hi2c2                                    0x20000378   Data          84  i2c.o(.bss.hi2c2)
    htim1                                    0x200003cc   Data          72  tim.o(.bss.htim1)
    htim2                                    0x20000414   Data          72  tim.o(.bss.htim2)
    htim3                                    0x2000045c   Data          72  tim.o(.bss.htim3)
    htim4                                    0x200004a4   Data          72  tim.o(.bss.htim4)
    huart1                                   0x200004ec   Data          72  usart.o(.bss.huart1)
    led_buf                                  0x20000534   Data           4  led_app.o(.bss.led_buf)
    task_num                                 0x20000538   Data           1  scheduler.o(.bss.task_num)
    uart1_data_buffer                        0x20000539   Data         128  uart_driver.o(.bss.uart1_data_buffer)
    uart1_ring_buffer                        0x200005bc   Data          12  uart_driver.o(.bss.uart1_ring_buffer)
    uart1_ring_buffer_input                  0x200005c8   Data         128  uart_driver.o(.bss.uart1_ring_buffer_input)
    uart1_rx_dma_buffer                      0x20000648   Data         128  uart_driver.o(.bss.uart1_rx_dma_buffer)
    uwTick                                   0x20000ac8   Data           4  stm32f4xx_hal.o(.bss.uwTick)



==============================================================================

Memory Map of the image

  Image Entry point : 0x08000189

  Load Region LR_IROM1 (Base: 0x08000000, Size: 0x00009700, Max: 0x00080000, ABSOLUTE, COMPRESSED[0x00009608])

    Execution Region ER_IROM1 (Exec base: 0x08000000, Load base: 0x08000000, Size: 0x00009588, Max: 0x00080000, ABSOLUTE)

    Exec Addr    Load Addr    Size         Type   Attr      Idx    E Section Name        Object

    0x08000000   0x08000000   0x00000188   Data   RO            3    RESET               startup_stm32f407xx.o
    0x08000188   0x08000188   0x00000008   Code   RO         1691  * !!!main             c_w.l(__main.o)
    0x08000190   0x08000190   0x0000005c   Code   RO         2016    !!!scatter          c_w.l(__scatter.o)
    0x080001ec   0x080001ec   0x0000005a   Code   RO         2014    !!dczerorl2         c_w.l(__dczerorl2.o)
    0x08000246   0x08000246   0x00000002   PAD
    0x08000248   0x08000248   0x00000002   Code   RO         2017    !!handler_null      c_w.l(__scatter.o)
    0x0800024a   0x0800024a   0x00000002   PAD
    0x0800024c   0x0800024c   0x0000001c   Code   RO         2020    !!handler_zi        c_w.l(__scatter_zi.o)
    0x08000268   0x08000268   0x00000000   Code   RO         1680    .ARM.Collect$$_printf_percent$$00000000  c_w.l(_printf_percent.o)
    0x08000268   0x08000268   0x00000006   Code   RO         1751    .ARM.Collect$$_printf_percent$$00000001  c_w.l(_printf_n.o)
    0x0800026e   0x0800026e   0x00000006   Code   RO         1753    .ARM.Collect$$_printf_percent$$00000002  c_w.l(_printf_p.o)
    0x08000274   0x08000274   0x00000006   Code   RO         1679    .ARM.Collect$$_printf_percent$$00000003  c_w.l(_printf_f.o)
    0x0800027a   0x0800027a   0x00000006   Code   RO         1757    .ARM.Collect$$_printf_percent$$00000004  c_w.l(_printf_e.o)
    0x08000280   0x08000280   0x00000006   Code   RO         1758    .ARM.Collect$$_printf_percent$$00000005  c_w.l(_printf_g.o)
    0x08000286   0x08000286   0x00000006   Code   RO         1759    .ARM.Collect$$_printf_percent$$00000006  c_w.l(_printf_a.o)
    0x0800028c   0x0800028c   0x0000000a   Code   RO         1764    .ARM.Collect$$_printf_percent$$00000007  c_w.l(_printf_ll.o)
    0x08000296   0x08000296   0x00000006   Code   RO         1755    .ARM.Collect$$_printf_percent$$00000008  c_w.l(_printf_i.o)
    0x0800029c   0x0800029c   0x00000006   Code   RO         1678    .ARM.Collect$$_printf_percent$$00000009  c_w.l(_printf_d.o)
    0x080002a2   0x080002a2   0x00000006   Code   RO         1756    .ARM.Collect$$_printf_percent$$0000000A  c_w.l(_printf_u.o)
    0x080002a8   0x080002a8   0x00000006   Code   RO         1754    .ARM.Collect$$_printf_percent$$0000000B  c_w.l(_printf_o.o)
    0x080002ae   0x080002ae   0x00000006   Code   RO         1752    .ARM.Collect$$_printf_percent$$0000000C  c_w.l(_printf_x.o)
    0x080002b4   0x080002b4   0x00000006   Code   RO         1761    .ARM.Collect$$_printf_percent$$0000000D  c_w.l(_printf_lli.o)
    0x080002ba   0x080002ba   0x00000006   Code   RO         1762    .ARM.Collect$$_printf_percent$$0000000E  c_w.l(_printf_lld.o)
    0x080002c0   0x080002c0   0x00000006   Code   RO         1763    .ARM.Collect$$_printf_percent$$0000000F  c_w.l(_printf_llu.o)
    0x080002c6   0x080002c6   0x00000006   Code   RO         1768    .ARM.Collect$$_printf_percent$$00000010  c_w.l(_printf_llo.o)
    0x080002cc   0x080002cc   0x00000006   Code   RO         1769    .ARM.Collect$$_printf_percent$$00000011  c_w.l(_printf_llx.o)
    0x080002d2   0x080002d2   0x0000000a   Code   RO         1765    .ARM.Collect$$_printf_percent$$00000012  c_w.l(_printf_l.o)
    0x080002dc   0x080002dc   0x00000006   Code   RO         1750    .ARM.Collect$$_printf_percent$$00000013  c_w.l(_printf_c.o)
    0x080002e2   0x080002e2   0x00000006   Code   RO         1677    .ARM.Collect$$_printf_percent$$00000014  c_w.l(_printf_s.o)
    0x080002e8   0x080002e8   0x00000006   Code   RO         1766    .ARM.Collect$$_printf_percent$$00000015  c_w.l(_printf_lc.o)
    0x080002ee   0x080002ee   0x00000006   Code   RO         1767    .ARM.Collect$$_printf_percent$$00000016  c_w.l(_printf_ls.o)
    0x080002f4   0x080002f4   0x00000004   Code   RO         1760    .ARM.Collect$$_printf_percent$$00000017  c_w.l(_printf_percent_end.o)
    0x080002f8   0x080002f8   0x00000002   Code   RO         1874    .ARM.Collect$$libinit$$00000000  c_w.l(libinit.o)
    0x080002fa   0x080002fa   0x00000004   Code   RO         1875    .ARM.Collect$$libinit$$00000001  c_w.l(libinit2.o)
    0x080002fe   0x080002fe   0x00000000   Code   RO         1878    .ARM.Collect$$libinit$$00000004  c_w.l(libinit2.o)
    0x080002fe   0x080002fe   0x00000000   Code   RO         1880    .ARM.Collect$$libinit$$00000006  c_w.l(libinit2.o)
    0x080002fe   0x080002fe   0x00000000   Code   RO         1883    .ARM.Collect$$libinit$$0000000C  c_w.l(libinit2.o)
    0x080002fe   0x080002fe   0x00000000   Code   RO         1885    .ARM.Collect$$libinit$$0000000E  c_w.l(libinit2.o)
    0x080002fe   0x080002fe   0x00000000   Code   RO         1887    .ARM.Collect$$libinit$$00000010  c_w.l(libinit2.o)
    0x080002fe   0x080002fe   0x00000006   Code   RO         1888    .ARM.Collect$$libinit$$00000011  c_w.l(libinit2.o)
    0x08000304   0x08000304   0x00000000   Code   RO         1890    .ARM.Collect$$libinit$$00000013  c_w.l(libinit2.o)
    0x08000304   0x08000304   0x0000000c   Code   RO         1891    .ARM.Collect$$libinit$$00000014  c_w.l(libinit2.o)
    0x08000310   0x08000310   0x00000000   Code   RO         1892    .ARM.Collect$$libinit$$00000015  c_w.l(libinit2.o)
    0x08000310   0x08000310   0x00000000   Code   RO         1894    .ARM.Collect$$libinit$$00000017  c_w.l(libinit2.o)
    0x08000310   0x08000310   0x0000000a   Code   RO         1895    .ARM.Collect$$libinit$$00000018  c_w.l(libinit2.o)
    0x0800031a   0x0800031a   0x00000000   Code   RO         1896    .ARM.Collect$$libinit$$00000019  c_w.l(libinit2.o)
    0x0800031a   0x0800031a   0x00000000   Code   RO         1898    .ARM.Collect$$libinit$$0000001B  c_w.l(libinit2.o)
    0x0800031a   0x0800031a   0x00000000   Code   RO         1900    .ARM.Collect$$libinit$$0000001D  c_w.l(libinit2.o)
    0x0800031a   0x0800031a   0x00000000   Code   RO         1902    .ARM.Collect$$libinit$$0000001F  c_w.l(libinit2.o)
    0x0800031a   0x0800031a   0x00000000   Code   RO         1904    .ARM.Collect$$libinit$$00000021  c_w.l(libinit2.o)
    0x0800031a   0x0800031a   0x00000000   Code   RO         1906    .ARM.Collect$$libinit$$00000023  c_w.l(libinit2.o)
    0x0800031a   0x0800031a   0x00000000   Code   RO         1908    .ARM.Collect$$libinit$$00000025  c_w.l(libinit2.o)
    0x0800031a   0x0800031a   0x00000000   Code   RO         1910    .ARM.Collect$$libinit$$00000027  c_w.l(libinit2.o)
    0x0800031a   0x0800031a   0x00000000   Code   RO         1914    .ARM.Collect$$libinit$$0000002E  c_w.l(libinit2.o)
    0x0800031a   0x0800031a   0x00000000   Code   RO         1916    .ARM.Collect$$libinit$$00000030  c_w.l(libinit2.o)
    0x0800031a   0x0800031a   0x00000000   Code   RO         1918    .ARM.Collect$$libinit$$00000032  c_w.l(libinit2.o)
    0x0800031a   0x0800031a   0x00000000   Code   RO         1920    .ARM.Collect$$libinit$$00000034  c_w.l(libinit2.o)
    0x0800031a   0x0800031a   0x00000002   Code   RO         1921    .ARM.Collect$$libinit$$00000035  c_w.l(libinit2.o)
    0x0800031c   0x0800031c   0x00000002   Code   RO         1979    .ARM.Collect$$libshutdown$$00000000  c_w.l(libshutdown.o)
    0x0800031e   0x0800031e   0x00000000   Code   RO         1997    .ARM.Collect$$libshutdown$$00000002  c_w.l(libshutdown2.o)
    0x0800031e   0x0800031e   0x00000000   Code   RO         1999    .ARM.Collect$$libshutdown$$00000004  c_w.l(libshutdown2.o)
    0x0800031e   0x0800031e   0x00000000   Code   RO         2002    .ARM.Collect$$libshutdown$$00000007  c_w.l(libshutdown2.o)
    0x0800031e   0x0800031e   0x00000000   Code   RO         2005    .ARM.Collect$$libshutdown$$0000000A  c_w.l(libshutdown2.o)
    0x0800031e   0x0800031e   0x00000000   Code   RO         2007    .ARM.Collect$$libshutdown$$0000000C  c_w.l(libshutdown2.o)
    0x0800031e   0x0800031e   0x00000000   Code   RO         2010    .ARM.Collect$$libshutdown$$0000000F  c_w.l(libshutdown2.o)
    0x0800031e   0x0800031e   0x00000002   Code   RO         2011    .ARM.Collect$$libshutdown$$00000010  c_w.l(libshutdown2.o)
    0x08000320   0x08000320   0x00000000   Code   RO         1697    .ARM.Collect$$rtentry$$00000000  c_w.l(__rtentry.o)
    0x08000320   0x08000320   0x00000000   Code   RO         1784    .ARM.Collect$$rtentry$$00000002  c_w.l(__rtentry2.o)
    0x08000320   0x08000320   0x00000006   Code   RO         1796    .ARM.Collect$$rtentry$$00000004  c_w.l(__rtentry4.o)
    0x08000326   0x08000326   0x00000000   Code   RO         1786    .ARM.Collect$$rtentry$$00000009  c_w.l(__rtentry2.o)
    0x08000326   0x08000326   0x00000004   Code   RO         1787    .ARM.Collect$$rtentry$$0000000A  c_w.l(__rtentry2.o)
    0x0800032a   0x0800032a   0x00000000   Code   RO         1789    .ARM.Collect$$rtentry$$0000000C  c_w.l(__rtentry2.o)
    0x0800032a   0x0800032a   0x00000008   Code   RO         1790    .ARM.Collect$$rtentry$$0000000D  c_w.l(__rtentry2.o)
    0x08000332   0x08000332   0x00000002   Code   RO         1922    .ARM.Collect$$rtexit$$00000000  c_w.l(rtexit.o)
    0x08000334   0x08000334   0x00000000   Code   RO         1944    .ARM.Collect$$rtexit$$00000002  c_w.l(rtexit2.o)
    0x08000334   0x08000334   0x00000004   Code   RO         1945    .ARM.Collect$$rtexit$$00000003  c_w.l(rtexit2.o)
    0x08000338   0x08000338   0x00000006   Code   RO         1946    .ARM.Collect$$rtexit$$00000004  c_w.l(rtexit2.o)
    0x0800033e   0x0800033e   0x00000002   PAD
    0x08000340   0x08000340   0x00000040   Code   RO            4    .text               startup_stm32f407xx.o
    0x08000380   0x08000380   0x000000f0   Code   RO         1641    .text               c_w.l(lludivv7m.o)
    0x08000470   0x08000470   0x0000003c   Code   RO         1643    .text               c_w.l(vsnprintf.o)
    0x080004ac   0x080004ac   0x00000040   Code   RO         1645    .text               c_w.l(__2snprintf.o)
    0x080004ec   0x080004ec   0x0000004e   Code   RO         1651    .text               c_w.l(_printf_pad.o)
    0x0800053a   0x0800053a   0x00000052   Code   RO         1653    .text               c_w.l(_printf_str.o)
    0x0800058c   0x0800058c   0x00000078   Code   RO         1655    .text               c_w.l(_printf_dec.o)
    0x08000604   0x08000604   0x00000188   Code   RO         1674    .text               c_w.l(__printf_flags_ss_wp.o)
    0x0800078c   0x0800078c   0x00000058   Code   RO         1681    .text               c_w.l(memcmp.o)
    0x080007e4   0x080007e4   0x0000008a   Code   RO         1683    .text               c_w.l(rt_memcpy_v6.o)
    0x0800086e   0x0800086e   0x00000044   Code   RO         1685    .text               c_w.l(rt_memclr.o)
    0x080008b2   0x080008b2   0x0000004e   Code   RO         1687    .text               c_w.l(rt_memclr_w.o)
    0x08000900   0x08000900   0x00000006   Code   RO         1689    .text               c_w.l(heapauxi.o)
    0x08000906   0x08000906   0x00000024   Code   RO         1702    .text               c_w.l(_printf_truncate.o)
    0x0800092a   0x0800092a   0x000000b2   Code   RO         1704    .text               c_w.l(_printf_intcommon.o)
    0x080009dc   0x080009dc   0x00000028   Code   RO         1706    .text               c_w.l(_printf_charcount.o)
    0x08000a04   0x08000a04   0x0000041c   Code   RO         1708    .text               c_w.l(_printf_fp_dec.o)
    0x08000e20   0x08000e20   0x00000030   Code   RO         1712    .text               c_w.l(_printf_char_common.o)
    0x08000e50   0x08000e50   0x00000010   Code   RO         1714    .text               c_w.l(_snputc.o)
    0x08000e60   0x08000e60   0x0000002c   Code   RO         1716    .text               c_w.l(_printf_char.o)
    0x08000e8c   0x08000e8c   0x000000bc   Code   RO         1718    .text               c_w.l(_printf_wctomb.o)
    0x08000f48   0x08000f48   0x0000007c   Code   RO         1721    .text               c_w.l(_printf_longlong_dec.o)
    0x08000fc4   0x08000fc4   0x00000070   Code   RO         1727    .text               c_w.l(_printf_oct_int_ll.o)
    0x08001034   0x08001034   0x00000094   Code   RO         1747    .text               c_w.l(_printf_hex_int_ll_ptr.o)
    0x080010c8   0x080010c8   0x00000064   Code   RO         1770    .text               c_w.l(rt_memcpy_w.o)
    0x0800112c   0x0800112c   0x00000008   Code   RO         1803    .text               c_w.l(rt_locale_intlibspace.o)
    0x08001134   0x08001134   0x0000008a   Code   RO         1805    .text               c_w.l(lludiv10.o)
    0x080011be   0x080011be   0x00000002   PAD
    0x080011c0   0x080011c0   0x000002fc   Code   RO         1807    .text               c_w.l(_printf_fp_hex.o)
    0x080014bc   0x080014bc   0x00000080   Code   RO         1810    .text               c_w.l(_printf_fp_infnan.o)
    0x0800153c   0x0800153c   0x0000002c   Code   RO         1814    .text               c_w.l(_printf_wchar.o)
    0x08001568   0x08001568   0x000000e4   Code   RO         1816    .text               c_w.l(bigflt0.o)
    0x0800164c   0x0800164c   0x00000048   Code   RO         1843    .text               c_w.l(_c16rtomb.o)
    0x08001694   0x08001694   0x00000008   Code   RO         1852    .text               c_w.l(libspace.o)
    0x0800169c   0x0800169c   0x0000004a   Code   RO         1855    .text               c_w.l(sys_stackheap_outer.o)
    0x080016e6   0x080016e6   0x00000002   PAD
    0x080016e8   0x080016e8   0x00000010   Code   RO         1857    .text               c_w.l(rt_ctype_table.o)
    0x080016f8   0x080016f8   0x00000012   Code   RO         1861    .text               c_w.l(exit.o)
    0x0800170a   0x0800170a   0x00000006   PAD
    0x08001710   0x08001710   0x0000007c   Code   RO         1867    .text               c_w.l(strcmpv7em.o)
    0x0800178c   0x0800178c   0x0000000c   Code   RO         1939    .text               c_w.l(sys_exit.o)
    0x08001798   0x08001798   0x00000002   Code   RO         1966    .text               c_w.l(use_no_semi.o)
    0x0800179a   0x0800179a   0x00000000   Code   RO         1968    .text               c_w.l(indicate_semi.o)
    0x0800179a   0x0800179a   0x00000002   PAD
    0x0800179c   0x0800179c   0x00000002   Code   RO          110    .text.BusFault_Handler  stm32f4xx_it.o
    0x0800179e   0x0800179e   0x00000002   PAD
    0x080017a0   0x080017a0   0x0000000c   Code   RO          126    .text.DMA2_Stream2_IRQHandler  stm32f4xx_it.o
    0x080017ac   0x080017ac   0x00000002   Code   RO          116    .text.DebugMon_Handler  stm32f4xx_it.o
    0x080017ae   0x080017ae   0x00000002   PAD
    0x080017b0   0x080017b0   0x00000040   Code   RO         1289    .text.Ebtn_Init     key_driver.o
    0x080017f0   0x080017f0   0x0000002c   Code   RO         1357    .text.Encoder_Driver_Init  encoder_driver.o
    0x0800181c   0x0800181c   0x00000088   Code   RO         1359    .text.Encoder_Driver_Update  encoder_driver.o
    0x080018a4   0x080018a4   0x00000030   Code   RO         1481    .text.Encoder_Init  encoder_app.o
    0x080018d4   0x080018d4   0x0000001c   Code   RO         1483    .text.Encoder_Task  encoder_app.o
    0x080018f0   0x080018f0   0x00000006   Code   RO           15    .text.Error_Handler  main.o
    0x080018f6   0x080018f6   0x00000002   PAD
    0x080018f8   0x080018f8   0x00000002   Code   RO         1421    .text.Gray_Init     gray_app.o
    0x080018fa   0x080018fa   0x00000002   PAD
    0x080018fc   0x080018fc   0x00000014   Code   RO         1423    .text.Gray_Task     gray_app.o
    0x08001910   0x08001910   0x0000008e   Code   RO          438    .text.HAL_DMA_Abort  stm32f4xx_hal_dma.o
    0x0800199e   0x0800199e   0x00000002   PAD
    0x080019a0   0x080019a0   0x00000024   Code   RO          440    .text.HAL_DMA_Abort_IT  stm32f4xx_hal_dma.o
    0x080019c4   0x080019c4   0x000001c4   Code   RO          444    .text.HAL_DMA_IRQHandler  stm32f4xx_hal_dma.o
    0x08001b88   0x08001b88   0x00000162   Code   RO          430    .text.HAL_DMA_Init  stm32f4xx_hal_dma.o
    0x08001cea   0x08001cea   0x00000002   PAD
    0x08001cec   0x08001cec   0x000000a2   Code   RO          436    .text.HAL_DMA_Start_IT  stm32f4xx_hal_dma.o
    0x08001d8e   0x08001d8e   0x00000002   PAD
    0x08001d90   0x08001d90   0x00000028   Code   RO          597    .text.HAL_Delay     stm32f4xx_hal.o
    0x08001db8   0x08001db8   0x0000019e   Code   RO          392    .text.HAL_GPIO_Init  stm32f4xx_hal_gpio.o
    0x08001f56   0x08001f56   0x00000002   PAD
    0x08001f58   0x08001f58   0x0000000a   Code   RO          396    .text.HAL_GPIO_ReadPin  stm32f4xx_hal_gpio.o
    0x08001f62   0x08001f62   0x00000002   PAD
    0x08001f64   0x08001f64   0x0000000a   Code   RO          398    .text.HAL_GPIO_WritePin  stm32f4xx_hal_gpio.o
    0x08001f6e   0x08001f6e   0x00000002   PAD
    0x08001f70   0x08001f70   0x0000000c   Code   RO          589    .text.HAL_GetTick   stm32f4xx_hal.o
    0x08001f7c   0x08001f7c   0x00000164   Code   RO          143    .text.HAL_I2C_Init  stm32f4xx_hal_i2c.o
    0x080020e0   0x080020e0   0x00000258   Code   RO          191    .text.HAL_I2C_Mem_Read  stm32f4xx_hal_i2c.o
    0x08002338   0x08002338   0x0000015c   Code   RO          187    .text.HAL_I2C_Mem_Write  stm32f4xx_hal_i2c.o
    0x08002494   0x08002494   0x00000076   Code   RO           45    .text.HAL_I2C_MspInit  i2c.o
    0x0800250a   0x0800250a   0x00000002   PAD
    0x0800250c   0x0800250c   0x0000001a   Code   RO          587    .text.HAL_IncTick   stm32f4xx_hal.o
    0x08002526   0x08002526   0x00000002   PAD
    0x08002528   0x08002528   0x00000036   Code   RO          577    .text.HAL_Init      stm32f4xx_hal.o
    0x0800255e   0x0800255e   0x00000002   PAD
    0x08002560   0x08002560   0x00000048   Code   RO          579    .text.HAL_InitTick  stm32f4xx_hal.o
    0x080025a8   0x080025a8   0x00000038   Code   RO          135    .text.HAL_MspInit   stm32f4xx_hal_msp.o
    0x080025e0   0x080025e0   0x00000022   Code   RO          529    .text.HAL_NVIC_EnableIRQ  stm32f4xx_hal_cortex.o
    0x08002602   0x08002602   0x00000002   PAD
    0x08002604   0x08002604   0x00000056   Code   RO          527    .text.HAL_NVIC_SetPriority  stm32f4xx_hal_cortex.o
    0x0800265a   0x0800265a   0x00000002   PAD
    0x0800265c   0x0800265c   0x00000020   Code   RO          525    .text.HAL_NVIC_SetPriorityGrouping  stm32f4xx_hal_cortex.o
    0x0800267c   0x0800267c   0x00000164   Code   RO          286    .text.HAL_RCC_ClockConfig  stm32f4xx_hal_rcc.o
    0x080027e0   0x080027e0   0x00000026   Code   RO          298    .text.HAL_RCC_GetPCLK1Freq  stm32f4xx_hal_rcc.o
    0x08002806   0x08002806   0x00000002   PAD
    0x08002808   0x08002808   0x00000026   Code   RO          300    .text.HAL_RCC_GetPCLK2Freq  stm32f4xx_hal_rcc.o
    0x0800282e   0x0800282e   0x00000002   PAD
    0x08002830   0x08002830   0x0000006c   Code   RO          288    .text.HAL_RCC_GetSysClockFreq  stm32f4xx_hal_rcc.o
    0x0800289c   0x0800289c   0x000003ac   Code   RO          284    .text.HAL_RCC_OscConfig  stm32f4xx_hal_rcc.o
    0x08002c48   0x08002c48   0x0000002c   Code   RO          537    .text.HAL_SYSTICK_Config  stm32f4xx_hal_cortex.o
    0x08002c74   0x08002c74   0x00000002   Code   RO          972    .text.HAL_TIMEx_BreakCallback  stm32f4xx_hal_tim_ex.o
    0x08002c76   0x08002c76   0x00000002   PAD
    0x08002c78   0x08002c78   0x00000002   Code   RO          968    .text.HAL_TIMEx_CommutCallback  stm32f4xx_hal_tim_ex.o
    0x08002c7a   0x08002c7a   0x00000002   PAD
    0x08002c7c   0x08002c7c   0x0000004c   Code   RO          964    .text.HAL_TIMEx_ConfigBreakDeadTime  stm32f4xx_hal_tim_ex.o
    0x08002cc8   0x08002cc8   0x000000ba   Code   RO          962    .text.HAL_TIMEx_MasterConfigSynchronization  stm32f4xx_hal_tim_ex.o
    0x08002d82   0x08002d82   0x00000002   PAD
    0x08002d84   0x08002d84   0x0000005a   Code   RO          667    .text.HAL_TIM_Base_Init  stm32f4xx_hal_tim.o
    0x08002dde   0x08002dde   0x00000002   PAD
    0x08002de0   0x08002de0   0x0000006c   Code   RO           68    .text.HAL_TIM_Base_MspInit  tim.o
    0x08002e4c   0x08002e4c   0x000000aa   Code   RO          681    .text.HAL_TIM_Base_Start_IT  stm32f4xx_hal_tim.o
    0x08002ef6   0x08002ef6   0x00000002   PAD
    0x08002ef8   0x08002ef8   0x000001a0   Code   RO          847    .text.HAL_TIM_ConfigClockSource  stm32f4xx_hal_tim.o
    0x08003098   0x08003098   0x000000b2   Code   RO          781    .text.HAL_TIM_Encoder_Init  stm32f4xx_hal_tim.o
    0x0800314a   0x0800314a   0x00000002   PAD
    0x0800314c   0x0800314c   0x000000c0   Code   RO           70    .text.HAL_TIM_Encoder_MspInit  tim.o
    0x0800320c   0x0800320c   0x000000bc   Code   RO          789    .text.HAL_TIM_Encoder_Start  stm32f4xx_hal_tim.o
    0x080032c8   0x080032c8   0x00000002   Code   RO          803    .text.HAL_TIM_IC_CaptureCallback  stm32f4xx_hal_tim.o
    0x080032ca   0x080032ca   0x00000002   PAD
    0x080032cc   0x080032cc   0x0000014e   Code   RO          801    .text.HAL_TIM_IRQHandler  stm32f4xx_hal_tim.o
    0x0800341a   0x0800341a   0x00000002   PAD
    0x0800341c   0x0800341c   0x00000002   Code   RO          805    .text.HAL_TIM_OC_DelayElapsedCallback  stm32f4xx_hal_tim.o
    0x0800341e   0x0800341e   0x00000002   PAD
    0x08003420   0x08003420   0x00000220   Code   RO          821    .text.HAL_TIM_PWM_ConfigChannel  stm32f4xx_hal_tim.o
    0x08003640   0x08003640   0x0000005a   Code   RO          721    .text.HAL_TIM_PWM_Init  stm32f4xx_hal_tim.o
    0x0800369a   0x0800369a   0x00000002   PAD
    0x0800369c   0x0800369c   0x00000002   Code   RO          723    .text.HAL_TIM_PWM_MspInit  stm32f4xx_hal_tim.o
    0x0800369e   0x0800369e   0x00000002   PAD
    0x080036a0   0x080036a0   0x00000002   Code   RO          807    .text.HAL_TIM_PWM_PulseFinishedCallback  stm32f4xx_hal_tim.o
    0x080036a2   0x080036a2   0x00000002   PAD
    0x080036a4   0x080036a4   0x0000010e   Code   RO          729    .text.HAL_TIM_PWM_Start  stm32f4xx_hal_tim.o
    0x080037b2   0x080037b2   0x00000002   PAD
    0x080037b4   0x080037b4   0x0000005e   Code   RO         1603    .text.HAL_TIM_PeriodElapsedCallback  scheduler_task.o
    0x08003812   0x08003812   0x00000002   PAD
    0x08003814   0x08003814   0x00000002   Code   RO          811    .text.HAL_TIM_TriggerCallback  stm32f4xx_hal_tim.o
    0x08003816   0x08003816   0x00000002   PAD
    0x08003818   0x08003818   0x000001ee   Code   RO         1034    .text.HAL_UARTEx_ReceiveToIdle_DMA  stm32f4xx_hal_uart.o
    0x08003a06   0x08003a06   0x00000002   PAD
    0x08003a08   0x08003a08   0x00000060   Code   RO         1307    .text.HAL_UARTEx_RxEventCallback  uart_driver.o
    0x08003a68   0x08003a68   0x0000021c   Code   RO         1028    .text.HAL_UART_DMAStop  stm32f4xx_hal_uart.o
    0x08003c84   0x08003c84   0x00000002   Code   RO         1070    .text.HAL_UART_ErrorCallback  stm32f4xx_hal_uart.o
    0x08003c86   0x08003c86   0x00000002   PAD
    0x08003c88   0x08003c88   0x00000594   Code   RO         1064    .text.HAL_UART_IRQHandler  stm32f4xx_hal_uart.o
    0x0800421c   0x0800421c   0x00000060   Code   RO          986    .text.HAL_UART_Init  stm32f4xx_hal_uart.o
    0x0800427c   0x0800427c   0x000000c2   Code   RO           90    .text.HAL_UART_MspInit  usart.o
    0x0800433e   0x0800433e   0x00000002   PAD
    0x08004340   0x08004340   0x00000002   Code   RO         1078    .text.HAL_UART_RxCpltCallback  stm32f4xx_hal_uart.o
    0x08004342   0x08004342   0x00000002   PAD
    0x08004344   0x08004344   0x00000002   Code   RO         1080    .text.HAL_UART_RxHalfCpltCallback  stm32f4xx_hal_uart.o
    0x08004346   0x08004346   0x00000002   PAD
    0x08004348   0x08004348   0x0000003e   Code   RO         1006    .text.HAL_UART_Transmit_IT  stm32f4xx_hal_uart.o
    0x08004386   0x08004386   0x00000002   PAD
    0x08004388   0x08004388   0x0000003e   Code   RO         1303    .text.HAL_UART_TxCpltCallback  uart_driver.o
    0x080043c6   0x080043c6   0x00000002   PAD
    0x080043c8   0x080043c8   0x00000002   Code   RO          106    .text.HardFault_Handler  stm32f4xx_it.o
    0x080043ca   0x080043ca   0x00000002   PAD
    0x080043cc   0x080043cc   0x00000112   Code   RO          193    .text.I2C_RequestMemoryRead  stm32f4xx_hal_i2c.o
    0x080044de   0x080044de   0x00000002   PAD
    0x080044e0   0x080044e0   0x000000c8   Code   RO          189    .text.I2C_RequestMemoryWrite  stm32f4xx_hal_i2c.o
    0x080045a8   0x080045a8   0x000000ba   Code   RO          157    .text.I2C_WaitOnBTFFlagUntilTimeout  stm32f4xx_hal_i2c.o
    0x08004662   0x08004662   0x00000002   PAD
    0x08004664   0x08004664   0x000001ca   Code   RO          153    .text.I2C_WaitOnFlagUntilTimeout  stm32f4xx_hal_i2c.o
    0x0800482e   0x0800482e   0x00000002   PAD
    0x08004830   0x08004830   0x000000d6   Code   RO          271    .text.I2C_WaitOnMasterAddressFlagUntilTimeout  stm32f4xx_hal_i2c.o
    0x08004906   0x08004906   0x00000002   PAD
    0x08004908   0x08004908   0x00000090   Code   RO          161    .text.I2C_WaitOnRXNEFlagUntilTimeout  stm32f4xx_hal_i2c.o
    0x08004998   0x08004998   0x000000ba   Code   RO          155    .text.I2C_WaitOnTXEFlagUntilTimeout  stm32f4xx_hal_i2c.o
    0x08004a52   0x08004a52   0x00000002   PAD
    0x08004a54   0x08004a54   0x00000030   Code   RO         1259    .text.IIC_Get_Digtal  hardware_iic.o
    0x08004a84   0x08004a84   0x00000004   Code   RO         1381    .text.Key_Init      key_app.o
    0x08004a88   0x08004a88   0x0000000e   Code   RO         1383    .text.Key_Task      key_app.o
    0x08004a96   0x08004a96   0x00000002   PAD
    0x08004a98   0x08004a98   0x0000008c   Code   RO         1277    .text.Led_Display   led_driver.o
    0x08004b24   0x08004b24   0x0000000e   Code   RO         1369    .text.Led_Init      led_app.o
    0x08004b32   0x08004b32   0x00000002   PAD
    0x08004b34   0x08004b34   0x0000000e   Code   RO         1371    .text.Led_Task      led_app.o
    0x08004b42   0x08004b42   0x00000002   PAD
    0x08004b44   0x08004b44   0x00000038   Code   RO           34    .text.MX_DMA_Init   dma.o
    0x08004b7c   0x08004b7c   0x00000116   Code   RO           25    .text.MX_GPIO_Init  gpio.o
    0x08004c92   0x08004c92   0x00000002   PAD
    0x08004c94   0x08004c94   0x00000042   Code   RO           43    .text.MX_I2C2_Init  i2c.o
    0x08004cd6   0x08004cd6   0x00000002   PAD
    0x08004cd8   0x08004cd8   0x00000196   Code   RO           58    .text.MX_TIM1_Init  tim.o
    0x08004e6e   0x08004e6e   0x00000002   PAD
    0x08004e70   0x08004e70   0x00000070   Code   RO           62    .text.MX_TIM2_Init  tim.o
    0x08004ee0   0x08004ee0   0x0000006a   Code   RO           64    .text.MX_TIM3_Init  tim.o
    0x08004f4a   0x08004f4a   0x00000002   PAD
    0x08004f4c   0x08004f4c   0x0000006a   Code   RO           66    .text.MX_TIM4_Init  tim.o
    0x08004fb6   0x08004fb6   0x00000002   PAD
    0x08004fb8   0x08004fb8   0x0000003c   Code   RO           88    .text.MX_USART1_UART_Init  usart.o
    0x08004ff4   0x08004ff4   0x00000002   Code   RO          108    .text.MemManage_Handler  stm32f4xx_it.o
    0x08004ff6   0x08004ff6   0x00000002   PAD
    0x08004ff8   0x08004ff8   0x00000014   Code   RO         1455    .text.MotorApp_Acceleration_ToggleMode  motor_app.o
    0x0800500c   0x0800500c   0x0000004a   Code   RO         1443    .text.MotorApp_BasicRun_SetDirection  motor_app.o
    0x08005056   0x08005056   0x00000002   PAD
    0x08005058   0x08005058   0x00000018   Code   RO         1461    .text.MotorApp_CircleControl_DecreaseTarget  motor_app.o
    0x08005070   0x08005070   0x00000018   Code   RO         1459    .text.MotorApp_CircleControl_IncreaseTarget  motor_app.o
    0x08005088   0x08005088   0x0000000e   Code   RO         1465    .text.MotorApp_GetCurrentRPM  motor_app.o
    0x08005096   0x08005096   0x00000002   PAD
    0x08005098   0x08005098   0x0000000a   Code   RO         1463    .text.MotorApp_GetState  motor_app.o
    0x080050a2   0x080050a2   0x00000002   PAD
    0x080050a4   0x080050a4   0x0000000c   Code   RO         1467    .text.MotorApp_IsRunning  motor_app.o
    0x080050b0   0x080050b0   0x00000052   Code   RO         1439    .text.MotorApp_SetMode  motor_app.o
    0x08005102   0x08005102   0x00000002   PAD
    0x08005104   0x08005104   0x00000062   Code   RO         1451    .text.MotorApp_SpeedGear_DecreaseGear  motor_app.o
    0x08005166   0x08005166   0x00000002   PAD
    0x08005168   0x08005168   0x0000005e   Code   RO         1449    .text.MotorApp_SpeedGear_IncreaseGear  motor_app.o
    0x080051c6   0x080051c6   0x00000002   PAD
    0x080051c8   0x080051c8   0x000000c8   Code   RO         1441    .text.MotorApp_Start  motor_app.o
    0x08005290   0x08005290   0x0000004a   Code   RO         1437    .text.MotorApp_Stop  motor_app.o
    0x080052da   0x080052da   0x00000002   PAD
    0x080052dc   0x080052dc   0x0000007a   Code   RO         1337    .text.Motor_Config_Init  motor_driver.o
    0x08005356   0x08005356   0x00000002   PAD
    0x08005358   0x08005358   0x00000048   Code   RO         1433    .text.Motor_Init    motor_app.o
    0x080053a0   0x080053a0   0x000000f0   Code   RO         1343    .text.Motor_Set_Speed  motor_driver.o
    0x08005490   0x08005490   0x00000244   Code   RO         1435    .text.Motor_Task    motor_app.o
    0x080056d4   0x080056d4   0x00000002   Code   RO          104    .text.NMI_Handler   stm32f4xx_it.o
    0x080056d6   0x080056d6   0x00000002   PAD
    0x080056d8   0x080056d8   0x0000021c   Code   RO         1224    .text.OLED_Clear    oled.o
    0x080058f4   0x080058f4   0x000002c2   Code   RO         1230    .text.OLED_Init     oled.o
    0x08005bb6   0x08005bb6   0x00000002   PAD
    0x08005bb8   0x08005bb8   0x000003a4   Code   RO         1216    .text.OLED_ShowChar  oled.o
    0x08005f5c   0x08005f5c   0x00000040   Code   RO         1220    .text.OLED_ShowStr  oled.o
    0x08005f9c   0x08005f9c   0x00000006   Code   RO         1325    .text.OLED_ShowString  oled_driver.o
    0x08005fa2   0x08005fa2   0x00000002   PAD
    0x08005fa4   0x08005fa4   0x00000012   Code   RO         1409    .text.Oled_Init     oled_app.o
    0x08005fb6   0x08005fb6   0x00000002   PAD
    0x08005fb8   0x08005fb8   0x000000b4   Code   RO         1411    .text.Oled_Task     oled_app.o
    0x0800606c   0x0800606c   0x00000070   Code   RO         1573    .text.PID_Init      pid_app.o
    0x080060dc   0x080060dc   0x00000068   Code   RO         1575    .text.PID_Task      pid_app.o
    0x08006144   0x08006144   0x00000002   Code   RO          118    .text.PendSV_Handler  stm32f4xx_it.o
    0x08006146   0x08006146   0x00000002   PAD
    0x08006148   0x08006148   0x00000002   Code   RO          114    .text.SVC_Handler   stm32f4xx_it.o
    0x0800614a   0x0800614a   0x00000002   PAD
    0x0800614c   0x0800614c   0x00000014   Code   RO         1587    .text.Scheduler_Init  scheduler.o
    0x08006160   0x08006160   0x0000004a   Code   RO         1589    .text.Scheduler_Run  scheduler.o
    0x080061aa   0x080061aa   0x00000002   PAD
    0x080061ac   0x080061ac   0x00000004   Code   RO          120    .text.SysTick_Handler  stm32f4xx_it.o
    0x080061b0   0x080061b0   0x000000a8   Code   RO           13    .text.SystemClock_Config  main.o
    0x08006258   0x08006258   0x00000012   Code   RO         1108    .text.SystemInit    system_stm32f4xx.o
    0x0800626a   0x0800626a   0x00000002   PAD
    0x0800626c   0x0800626c   0x0000005c   Code   RO         1601    .text.System_Init   scheduler_task.o
    0x080062c8   0x080062c8   0x0000000c   Code   RO          122    .text.TIM2_IRQHandler  stm32f4xx_it.o
    0x080062d4   0x080062d4   0x0000013a   Code   RO          671    .text.TIM_Base_SetConfig  stm32f4xx_hal_tim.o
    0x0800640e   0x0800640e   0x00000002   PAD
    0x08006410   0x08006410   0x0000000a   Code   RO         1068    .text.UART_DMAAbortOnError  stm32f4xx_hal_uart.o
    0x0800641a   0x0800641a   0x00000002   PAD
    0x0800641c   0x0800641c   0x0000017c   Code   RO         1018    .text.UART_DMAError  stm32f4xx_hal_uart.o
    0x08006598   0x08006598   0x0000015e   Code   RO         1096    .text.UART_DMAReceiveCplt  stm32f4xx_hal_uart.o
    0x080066f6   0x080066f6   0x00000002   PAD
    0x080066f8   0x080066f8   0x00000018   Code   RO         1098    .text.UART_DMARxHalfCplt  stm32f4xx_hal_uart.o
    0x08006710   0x08006710   0x000000fe   Code   RO         1066    .text.UART_Receive_IT  stm32f4xx_hal_uart.o
    0x0800680e   0x0800680e   0x00000002   PAD
    0x08006810   0x08006810   0x000000e6   Code   RO          990    .text.UART_SetConfig  stm32f4xx_hal_uart.o
    0x080068f6   0x080068f6   0x00000002   PAD
    0x080068f8   0x080068f8   0x00000042   Code   RO         1503    .text.UI_Animation_GetScrollOffset  ui_animation_app.o
    0x0800693a   0x0800693a   0x00000002   PAD
    0x0800693c   0x0800693c   0x00000036   Code   RO         1493    .text.UI_Animation_Init  ui_animation_app.o
    0x08006972   0x08006972   0x00000002   PAD
    0x08006974   0x08006974   0x0000000c   Code   RO         1501    .text.UI_Animation_IsScrolling  ui_animation_app.o
    0x08006980   0x08006980   0x00000186   Code   RO         1495    .text.UI_Animation_Update  ui_animation_app.o
    0x08006b06   0x08006b06   0x00000002   PAD
    0x08006b08   0x08006b08   0x000000b8   Code   RO         1522    .text.UI_Menu_Draw  ui_menu_app.o
    0x08006bc0   0x08006bc0   0x00000020   Code   RO         1528    .text.UI_Menu_GoBack  ui_menu_app.o
    0x08006be0   0x08006be0   0x0000001a   Code   RO         1518    .text.UI_Menu_Init  ui_menu_app.o
    0x08006bfa   0x08006bfa   0x00000002   PAD
    0x08006bfc   0x08006bfc   0x00000080   Code   RO         1524    .text.UI_Menu_KeyHandler  ui_menu_app.o
    0x08006c7c   0x08006c7c   0x00000056   Code   RO         1520    .text.UI_Menu_Update  ui_menu_app.o
    0x08006cd2   0x08006cd2   0x00000006   PAD
    0x08006cd8   0x08006cd8   0x00000100   Code   RO         1553    .text.UI_Page_DrawAcceleration  ui_page_app.o
    0x08006dd8   0x08006dd8   0x000000e4   Code   RO         1549    .text.UI_Page_DrawBasicRun  ui_page_app.o
    0x08006ebc   0x08006ebc   0x00000108   Code   RO         1557    .text.UI_Page_DrawCircleControl  ui_page_app.o
    0x08006fc4   0x08006fc4   0x0000012c   Code   RO         1547    .text.UI_Page_DrawMainMenu  ui_page_app.o
    0x080070f0   0x080070f0   0x00000074   Code   RO         1561    .text.UI_Page_DrawSettings  ui_page_app.o
    0x08007164   0x08007164   0x00000128   Code   RO         1551    .text.UI_Page_DrawSpeedGear  ui_page_app.o
    0x0800728c   0x0800728c   0x00000078   Code   RO         1545    .text.UI_Page_DrawSplash  ui_page_app.o
    0x08007304   0x08007304   0x000000a4   Code   RO         1559    .text.UI_Page_DrawSystemInfo  ui_page_app.o
    0x080073a8   0x080073a8   0x000000ec   Code   RO         1555    .text.UI_Page_DrawTrapezoid  ui_page_app.o
    0x08007494   0x08007494   0x00000130   Code   RO         1543    .text.UI_Page_KeyHandler  ui_page_app.o
    0x080075c4   0x080075c4   0x0000008e   Code   RO         1541    .text.UI_Page_Update  ui_page_app.o
    0x08007652   0x08007652   0x00000002   PAD
    0x08007654   0x08007654   0x0000000c   Code   RO          124    .text.USART1_IRQHandler  stm32f4xx_it.o
    0x08007660   0x08007660   0x00000064   Code   RO         1399    .text.Uart1_Task    uart_app.o
    0x080076c4   0x080076c4   0x00000042   Code   RO         1397    .text.Uart_Init     uart_app.o
    0x08007706   0x08007706   0x00000002   PAD
    0x08007708   0x08007708   0x00000082   Code   RO         1305    .text.Uart_Printf   uart_driver.o
    0x0800778a   0x0800778a   0x00000002   PAD
    0x0800778c   0x0800778c   0x0000001a   Code   RO         1301    .text.Uart_Tx_Init  uart_driver.o
    0x080077a6   0x080077a6   0x00000002   PAD
    0x080077a8   0x080077a8   0x00000002   Code   RO          112    .text.UsageFault_Handler  stm32f4xx_it.o
    0x080077aa   0x080077aa   0x00000002   PAD
    0x080077ac   0x080077ac   0x0000004c   Code   RO         1123    .text.ebtn_init     ebtn.o
    0x080077f8   0x080077f8   0x0000009a   Code   RO         1127    .text.ebtn_process  ebtn.o
    0x08007892   0x08007892   0x00000002   PAD
    0x08007894   0x08007894   0x000002ac   Code   RO         1125    .text.ebtn_process_with_curr_state  ebtn.o
    0x08007b40   0x08007b40   0x0000000e   Code   RO         1157    .text.ebtn_set_config  ebtn.o
    0x08007b4e   0x08007b4e   0x00000002   PAD
    0x08007b50   0x08007b50   0x00000032   Code   RO           11    .text.main          main.o
    0x08007b82   0x08007b82   0x00000002   PAD
    0x08007b84   0x08007b84   0x00000034   Code   RO         1287    .text.my_get_key_state  key_driver.o
    0x08007bb8   0x08007bb8   0x00000078   Code   RO         1387    .text.my_handle_key_event  key_app.o
    0x08007c30   0x08007c30   0x00000080   Code   RO         1624    .text.pid_calculate_positional  pid.o
    0x08007cb0   0x08007cb0   0x0000001a   Code   RO         1614    .text.pid_init      pid.o
    0x08007cca   0x08007cca   0x00000002   PAD
    0x08007ccc   0x08007ccc   0x00000006   Code   RO         1616    .text.pid_set_target  pid.o
    0x08007cd2   0x08007cd2   0x00000002   PAD
    0x08007cd4   0x08007cd4   0x0000019a   Code   RO         1161    .text.prv_process_btn  ebtn.o
    0x08007e6e   0x08007e6e   0x00000002   PAD
    0x08007e70   0x08007e70   0x00000044   Code   RO         1178    .text.rt_ringbuffer_data_len  ringbuffer.o
    0x08007eb4   0x08007eb4   0x000000b8   Code   RO         1182    .text.rt_ringbuffer_get  ringbuffer.o
    0x08007f6c   0x08007f6c   0x0000000e   Code   RO         1174    .text.rt_ringbuffer_init  ringbuffer.o
    0x08007f7a   0x08007f7a   0x00000002   PAD
    0x08007f7c   0x08007f7c   0x00000084   Code   RO         1184    .text.rt_ringbuffer_peek  ringbuffer.o
    0x08008000   0x08008000   0x000000b2   Code   RO         1176    .text.rt_ringbuffer_put  ringbuffer.o
    0x080080b2   0x080080b2   0x0000003e   Code   RO         1819    CL$$btod_d2e        c_w.l(btod.o)
    0x080080f0   0x080080f0   0x00000046   Code   RO         1821    CL$$btod_d2e_denorm_low  c_w.l(btod.o)
    0x08008136   0x08008136   0x00000060   Code   RO         1820    CL$$btod_d2e_norm_op1  c_w.l(btod.o)
    0x08008196   0x08008196   0x00000002   PAD
    0x08008198   0x08008198   0x00000338   Code   RO         1829    CL$$btod_div_common  c_w.l(btod.o)
    0x080084d0   0x080084d0   0x000000dc   Code   RO         1826    CL$$btod_e2e        c_w.l(btod.o)
    0x080085ac   0x080085ac   0x0000002a   Code   RO         1823    CL$$btod_ediv       c_w.l(btod.o)
    0x080085d6   0x080085d6   0x0000002a   Code   RO         1822    CL$$btod_emul       c_w.l(btod.o)
    0x08008600   0x08008600   0x00000244   Code   RO         1828    CL$$btod_mult_common  c_w.l(btod.o)
    0x08008844   0x08008844   0x00000030   Code   RO         1850    i.__ARM_fpclassify  m_wm.l(fpclassify.o)
    0x08008874   0x08008874   0x0000000e   Code   RO         1667    i._is_digit         c_w.l(__printf_wp.o)
    0x08008882   0x08008882   0x00000002   PAD
    0x08008884   0x08008884   0x0000002c   Code   RO         1846    locale$$code        c_w.l(lc_numeric_c.o)
    0x080088b0   0x080088b0   0x0000002c   Code   RO         1929    locale$$code        c_w.l(lc_ctype_c.o)
    0x080088dc   0x080088dc   0x0000000c   Code   RO         1772    x$fpl$dretinf       fz_wm.l(dretinf.o)
    0x080088e8   0x080088e8   0x00000056   Code   RO         1693    x$fpl$f2d           fz_wm.l(f2d.o)
    0x0800893e   0x0800893e   0x0000008c   Code   RO         1774    x$fpl$fnaninf       fz_wm.l(fnaninf.o)
    0x080089ca   0x080089ca   0x0000001a   Code   RO         1937    x$fpl$fpinit        fz_wm.l(fpinit.o)
    0x080089e4   0x080089e4   0x00000004   Code   RO         1695    x$fpl$printf1       fz_wm.l(printf1.o)
    0x080089e8   0x080089e8   0x00000004   Code   RO         1776    x$fpl$printf2       fz_wm.l(printf2.o)
    0x080089ec   0x080089ec   0x00000000   Code   RO         1782    x$fpl$usenofp       fz_wm.l(usenofp.o)
    0x080089ec   0x080089ec   0x00000011   Data   RO         1675    .constdata          c_w.l(__printf_flags_ss_wp.o)
    0x080089fd   0x080089fd   0x00000003   PAD
    0x08008a00   0x08008a00   0x00000008   Data   RO         1719    .constdata          c_w.l(_printf_wctomb.o)
    0x08008a08   0x08008a08   0x00000028   Data   RO         1748    .constdata          c_w.l(_printf_hex_int_ll_ptr.o)
    0x08008a30   0x08008a30   0x00000026   Data   RO         1808    .constdata          c_w.l(_printf_fp_hex.o)
    0x08008a56   0x08008a56   0x00000002   PAD
    0x08008a58   0x08008a58   0x00000094   Data   RO         1817    .constdata          c_w.l(bigflt0.o)
    0x08008aec   0x08008aec   0x0000000c   Data   RO         1471    .rodata..Lswitch.table.MotorApp_SpeedGear_DecreaseGear  motor_app.o
    0x08008af8   0x08008af8   0x00000010   Data   RO         1113    .rodata.AHBPrescTable  system_stm32f4xx.o
    0x08008b08   0x08008b08   0x00000008   Data   RO         1114    .rodata.APBPrescTable  system_stm32f4xx.o
    0x08008b10   0x08008b10   0x00000008   Data   RO          454    .rodata.cst8        stm32f4xx_hal_dma.o
    0x08008b18   0x08008b18   0x0000000e   Data   RO         1292    .rodata.defaul_ebtn_param  key_driver.o
    0x08008b26   0x08008b26   0x00000002   PAD
    0x08008b28   0x08008b28   0x00000054   Data   RO         1532    .rodata.g_main_menu_items  ui_menu_app.o
    0x08008b7c   0x08008b7c   0x0000000c   Data   RO         1470    .rodata.gear_speeds  motor_app.o
    0x08008b88   0x08008b88   0x00000228   Data   RO         1236    .rodata.oled_F6X8   oled.o
    0x08008db0   0x08008db0   0x000005f0   Data   RO         1237    .rodata.oled_F8X16  oled.o
    0x080093a0   0x080093a0   0x0000005d   Data   RO         1531    .rodata.str1.1      ui_menu_app.o
    0x080093fd   0x080093fd   0x0000003c   Data   RO         1563    .rodata.str1.1      ui_page_app.o
    0x08009439   0x08009439   0x00000003   PAD
    0x0800943c   0x0800943c   0x00000020   Data   RO         2013    Region$$Table       anon$$obj.o
    0x0800945c   0x0800945c   0x0000001c   Data   RO         1845    locale$$data        c_w.l(lc_numeric_c.o)
    0x08009478   0x08009478   0x00000110   Data   RO         1928    locale$$data        c_w.l(lc_ctype_c.o)


    Execution Region RW_IRAM1 (Exec base: 0x20000000, Load base: 0x08009588, Size: 0x000010d0, Max: 0x0001c000, ABSOLUTE, COMPRESSED[0x00000080])

    Exec Addr    Load Addr    Size         Type   Attr      Idx    E Section Name        Object

    0x20000000   COMPRESSED   0x00000008   Data   RW          632    .data..L_MergedGlobals  stm32f4xx_hal.o
    0x20000008   COMPRESSED   0x0000001c   Data   RW         1509    .data..L_MergedGlobals  ui_animation_app.o
    0x20000024   COMPRESSED   0x0000002c   Data   RW         1577    .data..L_MergedGlobals  pid_app.o
    0x20000050   COMPRESSED   0x00000004   Data   RW         1112    .data.SystemCoreClock  system_stm32f4xx.o
    0x20000054   COMPRESSED   0x00000010   Data   RW         1530    .data.g_menu_state  ui_menu_app.o
    0x20000064   COMPRESSED   0x00000016   Data   RW         1240    .data.initcmd1      oled.o
    0x2000007a   COMPRESSED   0x00000002   PAD
    0x2000007c   COMPRESSED   0x00000040   Data   RW         1469    .data.motor_state   motor_app.o
    0x200000bc   COMPRESSED   0x00000048   Data   RW         1592    .data.scheduler_task  scheduler.o
    0x20000104   COMPRESSED   0x00000070   Data   RW         1291    .data.static_buttons  key_driver.o
    0x20000174   COMPRESSED   0x00000004   PAD
    0x20000178        -       0x00000060   Zero   RW         1853    .bss                c_w.l(libspace.o)
    0x200001d8        -       0x00000014   Zero   RW         1314    .bss..L_MergedGlobals  uart_driver.o
    0x200001ec        -       0x00000038   Zero   RW         1472    .bss..L_MergedGlobals  motor_app.o
    0x20000224        -       0x00000030   Zero   RW         1485    .bss..L_MergedGlobals  encoder_app.o
    0x20000254        -       0x00000008   Zero   RW         1564    .bss..L_MergedGlobals  ui_page_app.o
    0x2000025c        -       0x00000003   Zero   RW         1605    .bss..L_MergedGlobals  scheduler_task.o
    0x2000025f   COMPRESSED   0x00000001   PAD
    0x20000260        -       0x0000007c   Zero   RW         1578    .bss..L_MergedGlobals.1  pid_app.o
    0x200002dc        -       0x00000001   Zero   RW         1279    .bss.Led_Display.led_temp_old  led_driver.o
    0x200002dd   COMPRESSED   0x00000001   PAD
    0x200002de        -       0x00000002   Zero   RW         1413    .bss.Oled_Task.uart_counter  oled_app.o
    0x200002e0        -       0x00000034   Zero   RW         1163    .bss.ebtn_default   ebtn.o
    0x20000314        -       0x00000001   Zero   RW         1425    .bss.gray_digtal    gray_app.o
    0x20000315   COMPRESSED   0x00000003   PAD
    0x20000318        -       0x00000060   Zero   RW           95    .bss.hdma_usart1_rx  usart.o
    0x20000378        -       0x00000054   Zero   RW           49    .bss.hi2c2          i2c.o
    0x200003cc        -       0x00000048   Zero   RW           76    .bss.htim1          tim.o
    0x20000414        -       0x00000048   Zero   RW           77    .bss.htim2          tim.o
    0x2000045c        -       0x00000048   Zero   RW           78    .bss.htim3          tim.o
    0x200004a4        -       0x00000048   Zero   RW           79    .bss.htim4          tim.o
    0x200004ec        -       0x00000048   Zero   RW           94    .bss.huart1         usart.o
    0x20000534        -       0x00000004   Zero   RW         1373    .bss.led_buf        led_app.o
    0x20000538        -       0x00000001   Zero   RW         1591    .bss.task_num       scheduler.o
    0x20000539        -       0x00000080   Zero   RW         1313    .bss.uart1_data_buffer  uart_driver.o
    0x200005b9   COMPRESSED   0x00000003   PAD
    0x200005bc        -       0x0000000c   Zero   RW         1310    .bss.uart1_ring_buffer  uart_driver.o
    0x200005c8        -       0x00000080   Zero   RW         1312    .bss.uart1_ring_buffer_input  uart_driver.o
    0x20000648        -       0x00000080   Zero   RW         1311    .bss.uart1_rx_dma_buffer  uart_driver.o
    0x200006c8        -       0x00000400   Zero   RW         1309    .bss.uart_tx_buffer  uart_driver.o
    0x20000ac8        -       0x00000004   Zero   RW          631    .bss.uwTick         stm32f4xx_hal.o
    0x20000acc   COMPRESSED   0x00000004   PAD
    0x20000ad0        -       0x00000200   Zero   RW            2    HEAP                startup_stm32f407xx.o
    0x20000cd0        -       0x00000400   Zero   RW            1    STACK               startup_stm32f407xx.o


    Execution Region RW_IRAM2 (Exec base: 0x2001c000, Load base: 0x08009608, Size: 0x00000000, Max: 0x00004000, ABSOLUTE)

    **** No section assigned to this execution region ****


==============================================================================

Image component sizes


      Code (inc. data)   RO Data    RW Data    ZI Data      Debug   Object Name

        56          0          0          0          0       3444   dma.o
      1338          0          0          0         52      20917   ebtn.o
        76          0          0          0         48       4144   encoder_app.o
       180         24          0          0          0       4299   encoder_driver.o
       278          0          0          0          0       2271   gpio.o
        22          0          0          0          1        528   gray_app.o
        48          0          0          0          0       4125   hardware_iic.o
       184          0          0          0         84       5216   i2c.o
       138         16          0          0          0       5393   key_app.o
       116          8         14        112          0       2274   key_driver.o
        28          0          0          0          4        780   led_app.o
       140          0          0          0          1       1465   led_driver.o
       224          0          0          0          0       2884   main.o
      1378         44         24         64         56      10763   motor_app.o
       362          0          0          0          0       6145   motor_driver.o
      2242          0       2072         22          0      18705   oled.o
       198         44          0          0          2       1476   oled_app.o
         6          0          0          0          0       1757   oled_driver.o
       160          0          0          0          0       2895   pid.o
       216          4          0         44        124       4975   pid_app.o
       576          0          0          0          0       6471   ringbuffer.o
        94          0          0         72          1       1191   scheduler.o
       186         24          0          0          3       4510   scheduler_task.o
        64         26        392          0       1536        820   startup_stm32f407xx.o
       204          0          0          8          4       7279   stm32f4xx_hal.o
       196          0          0          0          0      10696   stm32f4xx_hal_cortex.o
      1146          6          8          0          0      10508   stm32f4xx_hal_dma.o
       434          0          0          0          0       5326   stm32f4xx_hal_gpio.o
      2966          0          0          0          0      44380   stm32f4xx_hal_i2c.o
        56          0          0          0          0       1434   stm32f4xx_hal_msp.o
      1480          0          0          0          0       7450   stm32f4xx_hal_rcc.o
      2604          6          0          0          0      57404   stm32f4xx_hal_tim.o
       266          0          0          0          0      21461   stm32f4xx_hal_tim_ex.o
      3874          0          0          0          0      32219   stm32f4xx_hal_uart.o
        56          0          0          0          0       5846   stm32f4xx_it.o
        18          0         24          4          0       2563   system_stm32f4xx.o
      1030          0          0          0        288      11934   tim.o
       166         24          0          0          0       1539   uart_app.o
       314          0          0          0       1440       5438   uart_driver.o
       522          0          0         28          0       3305   ui_animation_app.o
       456         28        177         16          0       3481   ui_menu_app.o
      2426        724         60          0          8       7844   ui_page_app.o
       254          0          0          0        168       7032   usart.o

    ----------------------------------------------------------------------
     26966        978       2808        372       3836     364587   Object Totals
         0          0         32          0          0          0   (incl. Generated)
       188          0          5          2         16          0   (incl. Padding)

    ----------------------------------------------------------------------

      Code (inc. data)   RO Data    RW Data    ZI Data      Debug   Library Member Name

        64          6          0          0          0         84   __2snprintf.o
        90          0          0          0          0          0   __dczerorl2.o
         8          0          0          0          0         68   __main.o
       392          4         17          0          0         92   __printf_flags_ss_wp.o
        14          0          0          0          0         68   __printf_wp.o
         0          0          0          0          0          0   __rtentry.o
        12          0          0          0          0          0   __rtentry2.o
         6          0          0          0          0          0   __rtentry4.o
        94          8          0          0          0          0   __scatter.o
        28          0          0          0          0          0   __scatter_zi.o
        72          0          0          0          0         96   _c16rtomb.o
         6          0          0          0          0          0   _printf_a.o
         6          0          0          0          0          0   _printf_c.o
        44          0          0          0          0        108   _printf_char.o
        48          6          0          0          0         96   _printf_char_common.o
        40          0          0          0          0         68   _printf_charcount.o
         6          0          0          0          0          0   _printf_d.o
       120         16          0          0          0         92   _printf_dec.o
         6          0          0          0          0          0   _printf_e.o
         6          0          0          0          0          0   _printf_f.o
      1052          0          0          0          0        148   _printf_fp_dec.o
       764          8         38          0          0        100   _printf_fp_hex.o
       128         16          0          0          0         84   _printf_fp_infnan.o
         6          0          0          0          0          0   _printf_g.o
       148          4         40          0          0        160   _printf_hex_int_ll_ptr.o
         6          0          0          0          0          0   _printf_i.o
       178          0          0          0          0         88   _printf_intcommon.o
        10          0          0          0          0          0   _printf_l.o
         6          0          0          0          0          0   _printf_lc.o
        10          0          0          0          0          0   _printf_ll.o
         6          0          0          0          0          0   _printf_lld.o
         6          0          0          0          0          0   _printf_lli.o
         6          0          0          0          0          0   _printf_llo.o
         6          0          0          0          0          0   _printf_llu.o
         6          0          0          0          0          0   _printf_llx.o
       124         16          0          0          0         92   _printf_longlong_dec.o
         6          0          0          0          0          0   _printf_ls.o
         6          0          0          0          0          0   _printf_n.o
         6          0          0          0          0          0   _printf_o.o
       112          8          0          0          0        124   _printf_oct_int_ll.o
         6          0          0          0          0          0   _printf_p.o
        78          0          0          0          0        108   _printf_pad.o
         0          0          0          0          0          0   _printf_percent.o
         4          0          0          0          0          0   _printf_percent_end.o
         6          0          0          0          0          0   _printf_s.o
        82          0          0          0          0         80   _printf_str.o
        36          0          0          0          0         84   _printf_truncate.o
         6          0          0          0          0          0   _printf_u.o
        44          0          0          0          0        108   _printf_wchar.o
       188          6          8          0          0         92   _printf_wctomb.o
         6          0          0          0          0          0   _printf_x.o
        16          0          0          0          0         68   _snputc.o
       228          4        148          0          0         96   bigflt0.o
      1936        128          0          0          0        668   btod.o
        18          0          0          0          0         80   exit.o
         6          0          0          0          0        152   heapauxi.o
         0          0          0          0          0          0   indicate_semi.o
        44         10        272          0          0         76   lc_ctype_c.o
        44         10         28          0          0         76   lc_numeric_c.o
         2          0          0          0          0          0   libinit.o
        34          0          0          0          0          0   libinit2.o
         2          0          0          0          0          0   libshutdown.o
         2          0          0          0          0          0   libshutdown2.o
         8          4          0          0         96         68   libspace.o
       138          0          0          0          0         80   lludiv10.o
       240          0          0          0          0        100   lludivv7m.o
        88          0          0          0          0         76   memcmp.o
        16          4          0          0          0         76   rt_ctype_table.o
         8          4          0          0          0         68   rt_locale_intlibspace.o
        68          0          0          0          0         68   rt_memclr.o
        78          0          0          0          0         80   rt_memclr_w.o
       138          0          0          0          0         68   rt_memcpy_v6.o
       100          0          0          0          0         80   rt_memcpy_w.o
         2          0          0          0          0          0   rtexit.o
        10          0          0          0          0          0   rtexit2.o
       124          0          0          0          0         88   strcmpv7em.o
        12          4          0          0          0         68   sys_exit.o
        74          0          0          0          0         80   sys_stackheap_outer.o
         2          0          0          0          0         68   use_no_semi.o
        60          4          0          0          0         80   vsnprintf.o
        12          0          0          0          0        116   dretinf.o
        86          4          0          0          0        132   f2d.o
       140          4          0          0          0        132   fnaninf.o
        26          0          0          0          0        116   fpinit.o
         4          0          0          0          0        116   printf1.o
         4          0          0          0          0        116   printf2.o
         0          0          0          0          0          0   usenofp.o
        48          0          0          0          0        124   fpclassify.o

    ----------------------------------------------------------------------
      7950        278        556          0         96       5256   Library Totals
        22          0          5          0          0          0   (incl. Padding)

    ----------------------------------------------------------------------

      Code (inc. data)   RO Data    RW Data    ZI Data      Debug   Library Name

      7608        270        551          0         96       4404   c_w.l
       272          8          0          0          0        728   fz_wm.l
        48          0          0          0          0        124   m_wm.l

    ----------------------------------------------------------------------
      7950        278        556          0         96       5256   Library Totals

    ----------------------------------------------------------------------

==============================================================================


      Code (inc. data)   RO Data    RW Data    ZI Data      Debug   

     34916       1256       3364        372       3932     366199   Grand Totals
     34916       1256       3364        128       3932     366199   ELF Image Totals (compressed)
     34916       1256       3364        128          0          0   ROM Totals

==============================================================================

    Total RO  Size (Code + RO Data)                38280 (  37.38kB)
    Total RW  Size (RW Data + ZI Data)              4304 (   4.20kB)
    Total ROM Size (Code + RO Data + RW Data)      38408 (  37.51kB)

==============================================================================

